Archive member included to satisfy reference by file (symbol)

/Applications/VEXcode Pro V5.app/Contents/Resources/sdk/vexv5/libv5rt.a(v5_startup.c.obj)
                              (vexStartup)
/Applications/VEXcode Pro V5.app/Contents/Resources/sdk/vexv5/libv5rt.a(v5_util.c.obj)
                              /Applications/VEXcode Pro V5.app/Contents/Resources/sdk/vexv5/libv5rt.a(v5_startup.c.obj) (vexStdlibVersionLinked)
/Applications/VEXcode Pro V5.app/Contents/Resources/sdk/vexv5/libv5rt.a(v5_apijump.c.obj)
                              /Applications/VEXcode Pro V5.app/Contents/Resources/sdk/vexv5/libv5rt.a(v5_startup.c.obj) (vexPrivateApiEnable)
/Applications/VEXcode Pro V5.app/Contents/Resources/sdk/vexv5/libv5rt.a(v5_apiversions.c.obj)
                              /Applications/VEXcode Pro V5.app/Contents/Resources/sdk/vexv5/libv5rt.a(v5_apijump.c.obj) (vexSystemVersion)
/Applications/VEXcode Pro V5.app/Contents/Resources/sdk/vexv5/libv5rt.a(vex_global.cpp.obj)
                              build/src/DriveConfigureations.o (vex::wait(double, vex::timeUnits))
/Applications/VEXcode Pro V5.app/Contents/Resources/sdk/vexv5/libv5rt.a(vex_device.cpp.obj)
                              build/src/ai_robot_link.o (vex::device::value())
/Applications/VEXcode Pro V5.app/Contents/Resources/sdk/vexv5/libv5rt.a(vex_motor.cpp.obj)
                              build/src/robot-config.o (vex::motor::motor(long, vex::gearSetting, bool))
/Applications/VEXcode Pro V5.app/Contents/Resources/sdk/vexv5/libv5rt.a(vex_thread.cpp.obj)
                              build/src/main.o (vex::thread::thread(int (*)()))
/Applications/VEXcode Pro V5.app/Contents/Resources/sdk/vexv5/libv5rt.a(vex_brain.cpp.obj)
                              build/src/dashboard.o (vex::brain::lcd::setFont(vex::fontType))
/Applications/VEXcode Pro V5.app/Contents/Resources/sdk/vexv5/libv5rt.a(vex_competition.cpp.obj)
                              build/src/main.o (vex::competition::competition())
/Applications/VEXcode Pro V5.app/Contents/Resources/sdk/vexv5/libv5rt.a(vex_triport.cpp.obj)
                              /Applications/VEXcode Pro V5.app/Contents/Resources/sdk/vexv5/libv5rt.a(vex_brain.cpp.obj) (vex::triport::~triport())
/Applications/VEXcode Pro V5.app/Contents/Resources/sdk/vexv5/libv5rt.a(vex_color.cpp.obj)
                              build/src/dashboard.o (vex::color::~color())
/Applications/VEXcode Pro V5.app/Contents/Resources/sdk/vexv5/libv5rt.a(vex_timer.cpp.obj)
                              build/src/ai_jetson.o (vex::timer::~timer())
/Applications/VEXcode Pro V5.app/Contents/Resources/sdk/vexv5/libv5rt.a(vex_motorgroup.cpp.obj)
                              build/src/DriveConfigureations.o (vex::motor_group::motor_group())
/Applications/VEXcode Pro V5.app/Contents/Resources/sdk/vexv5/libv5rt.a(vex_vexlink.cpp.obj)
                              build/src/ai_robot_link.o (vex::serial_link::~serial_link())
/Applications/VEXcode Pro V5.app/Contents/Resources/sdk/vexv5/libv5rt.a(v5_apiuser.c.obj)
                              /Applications/VEXcode Pro V5.app/Contents/Resources/sdk/vexv5/libv5rt.a(vex_triport.cpp.obj) (vexAdiPortConfigSet)
/Applications/VEXcode Pro V5.app/Contents/Resources/sdk/vexv5/libv5rt.a(vex_task.cpp.obj)
                              /Applications/VEXcode Pro V5.app/Contents/Resources/sdk/vexv5/libv5rt.a(vex_competition.cpp.obj) (vex::task::task(int (*)()))
/Applications/VEXcode Pro V5.app/Contents/Resources/sdk/vexv5/libv5rt.a(vex_event.cpp.obj)
                              /Applications/VEXcode Pro V5.app/Contents/Resources/sdk/vexv5/libv5rt.a(vex_brain.cpp.obj) (vex::event::init(unsigned long, unsigned long, void (*)()))
/Applications/VEXcode Pro V5.app/Contents/Resources/sdk/vexv5/libv5rt.a(vex_mevent.cpp.obj)
                              /Applications/VEXcode Pro V5.app/Contents/Resources/sdk/vexv5/libv5rt.a(vex_brain.cpp.obj) (vex::mevent::mevent(unsigned long, unsigned long))
/Applications/VEXcode Pro V5.app/Contents/Resources/sdk/vexv5/gcc/libs/libc.a(lib_a-aeabi_memclr.o)
                              build/src/ai_jetson.o (__aeabi_memclr4)
/Applications/VEXcode Pro V5.app/Contents/Resources/sdk/vexv5/gcc/libs/libc.a(lib_a-aeabi_memcpy.o)
                              build/src/ai_jetson.o (__aeabi_memcpy)
/Applications/VEXcode Pro V5.app/Contents/Resources/sdk/vexv5/gcc/libs/libc.a(lib_a-aeabi_memmove-soft.o)
                              build/src/DriveConfigureations.o (__aeabi_memmove4)
/Applications/VEXcode Pro V5.app/Contents/Resources/sdk/vexv5/gcc/libs/libc.a(lib_a-aeabi_memset-soft.o)
                              /Applications/VEXcode Pro V5.app/Contents/Resources/sdk/vexv5/gcc/libs/libc.a(lib_a-aeabi_memclr.o) (__aeabi_memset)
/Applications/VEXcode Pro V5.app/Contents/Resources/sdk/vexv5/gcc/libs/libc.a(lib_a-fini.o)
                              /Applications/VEXcode Pro V5.app/Contents/Resources/sdk/vexv5/libv5rt.a(v5_startup.c.obj) (__libc_fini_array)
[...]
Memory Configuration

Name             Origin             Length             Attributes
ps7_ddr_0_S_AXI_BASEADDR 0x0000000003800000 0x0000000004800000
*default*        0x0000000000000000 0xffffffffffffffff

Linker script and memory map

                0x0000000000002000                _STACK_SIZE = DEFINED (_STACK_SIZE)?_STACK_SIZE:0x2000
                0x0000000000100000                _HEAP_SIZE = DEFINED (_HEAP_SIZE)?_HEAP_SIZE:0x100000
                0x0000000000000400                _ABORT_STACK_SIZE = DEFINED (_ABORT_STACK_SIZE)?_ABORT_STACK_SIZE:0x400
                0x0000000000000800                _SUPERVISOR_STACK_SIZE = DEFINED (_SUPERVISOR_STACK_SIZE)?_SUPERVISOR_STACK_SIZE:0x800
                0x0000000000000400                _IRQ_STACK_SIZE = DEFINED (_IRQ_STACK_SIZE)?_IRQ_STACK_SIZE:0x400
                0x0000000000000400                _FIQ_STACK_SIZE = DEFINED (_FIQ_STACK_SIZE)?_FIQ_STACK_SIZE:0x400
                0x0000000000000400                _UNDEF_STACK_SIZE = DEFINED (_UNDEF_STACK_SIZE)?_UNDEF_STACK_SIZE:0x400

.text           0x0000000003800000     0x73b8
 *(.vectors)
 *(.boot_data)
 .boot_data     0x0000000003800000       0x20 /Applications/VEXcode Pro V5.app/Contents/Resources/sdk/vexv5/libv5rt.a(v5_startup.c.obj)
                0x0000000003800000                vexCodeSig
                0x0000000000000020                . = 0x20
 *(.boot)
 .boot          0x0000000003800020       0xbc /Applications/VEXcode Pro V5.app/Contents/Resources/sdk/vexv5/libv5rt.a(v5_startup.c.obj)
                0x0000000003800020                vexStartup
                0x0000000003800100                . = ALIGN (0x40)
 *fill*         0x00000000038000dc       0x24 
 *(.freertos_vectors)
 *(.text)
 .text          0x0000000003800100       0x3a /Applications/VEXcode Pro V5.app/Contents/Resources/sdk/vexv5/gcc/libs/libc.a(lib_a-aeabi_memmove-soft.o)
                0x0000000003800100                __aeabi_memmove8
                0x0000000003800100                __aeabi_memmove4
                0x0000000003800100                __aeabi_memmove
 .text          0x000000000380013a       0x9a /Applications/VEXcode Pro V5.app/Contents/Resources/sdk/vexv5/gcc/libs/libc.a(lib_a-aeabi_memset-soft.o)
                0x000000000380013a                __aeabi_memset4
                0x000000000380013a                __aeabi_memset8
                0x000000000380013a                __aeabi_memset
 *(.text.*)
 .text._ZN8bancroft6ModuleC2EPN3vex5motorESs
                0x00000000038001d4       0xe8 build/src/DriveConfigureations.o
                0x00000000038001d4                bancroft::Module::Module(vex::motor*, std::string)
                0x00000000038001d4                bancroft::Module::Module(vex::motor*, std::string)
 .text._ZN8bancroft6Module11mailboxTaskEPv
                0x00000000038002bc       0xbc build/src/DriveConfigureations.o
                0x00000000038002bc                bancroft::Module::mailboxTask(void*)
 .text._ZN8bancroft6ModuleC2EPN3vex11motor_groupESs
                0x0000000003800378       0xc4 build/src/DriveConfigureations.o
                0x0000000003800378                bancroft::Module::Module(vex::motor_group*, std::string)
                0x0000000003800378                bancroft::Module::Module(vex::motor_group*, std::string)
 .text._ZN8bancroft6Module12runUntilTempEPv
                0x000000000380043c       0xd4 build/src/DriveConfigureations.o
                0x000000000380043c                bancroft::Module::runUntilTemp(void*)
 .text._ZN8bancroft6Module8runUntilEff
                0x0000000003800510       0x4c build/src/DriveConfigureations.o
                0x0000000003800510                bancroft::Module::runUntil(float, float)
 .text._ZN8bancroft5tFifoIPNS_6Module8passableEE4pushERS3_
                0x000000000380055c       0x60 build/src/DriveConfigureations.o
                0x000000000380055c                bancroft::tFifo<bancroft::Module::passable*>::push(bancroft::Module::passable*&)
 .text._ZN8bancroft5tFifoIPNS_6Module8passableEE3popERS3_
                0x00000000038005bc       0x98 build/src/DriveConfigureations.o
                0x00000000038005bc                bancroft::tFifo<bancroft::Module::passable*>::pop(bancroft::Module::passable*&)
 .text._ZN8bancroft6XDriveC2EPN3vex5motorES3_S3_S3_
                0x0000000003800654      0x160 build/src/DriveConfigureations.o
                0x0000000003800654                bancroft::XDrive::XDrive(vex::motor*, vex::motor*, vex::motor*, vex::motor*)
                0x0000000003800654                bancroft::XDrive::XDrive(vex::motor*, vex::motor*, vex::motor*, vex::motor*)
 .text._ZN8bancroft6XDrive11mailboxTaskEPv
                0x00000000038007b4      0x10c build/src/DriveConfigureations.o
                0x00000000038007b4                bancroft::XDrive::mailboxTask(void*)
 .text._ZN8bancroft6XDrive17waitUntilCompleteEv
                0x00000000038008c0       0x90 build/src/DriveConfigureations.o
                0x00000000038008c0                bancroft::XDrive::waitUntilComplete()
 .text._ZN8bancroft6XDrive9addModuleEPNS_6ModuleE
                0x0000000003800950       0x48 build/src/DriveConfigureations.o
                0x0000000003800950                bancroft::XDrive::addModule(bancroft::Module*)
 .text._ZN8bancroft6XDrive9getModuleESs
                0x0000000003800998       0xdc build/src/DriveConfigureations.o
                0x0000000003800998                bancroft::XDrive::getModule(std::string)
 .text._ZN8bancroft6XDrive10setGearsetEN3vex11gearSettingE
                0x0000000003800a74       0x1c build/src/DriveConfigureations.o
                0x0000000003800a74                bancroft::XDrive::setGearset(vex::gearSetting)
 .text._ZN8bancroft6XDrive14setWheelRadiusEf
                0x0000000003800a90       0x28 build/src/DriveConfigureations.o
                0x0000000003800a90                bancroft::XDrive::setWheelRadius(float)
 .text._ZN8bancroft6XDrive15setWheelToWheelEf
                0x0000000003800ab8        0x8 build/src/DriveConfigureations.o
                0x0000000003800ab8                bancroft::XDrive::setWheelToWheel(float)
 .text._ZN8bancroft6XDrive12setPIDValuesEfff
                0x0000000003800ac0        0xc build/src/DriveConfigureations.o
                0x0000000003800ac0                bancroft::XDrive::setPIDValues(float, float, float)
 .text._ZN8bancroft6XDrive15strafeForwardByEf
                0x0000000003800acc       0x24 build/src/DriveConfigureations.o
                0x0000000003800acc                bancroft::XDrive::strafeForwardBy(float)
 .text._ZN8bancroft6XDrive15strafeForwardAtEf
                0x0000000003800af0       0x98 build/src/DriveConfigureations.o
                0x0000000003800af0                bancroft::XDrive::strafeForwardAt(float)
 .text._ZN8bancroft6XDrive16strafeBackwardByEf
                0x0000000003800b88       0x24 build/src/DriveConfigureations.o
                0x0000000003800b88                bancroft::XDrive::strafeBackwardBy(float)
 .text._ZN8bancroft6XDrive12strafeLeftByEf
                0x0000000003800bac       0x24 build/src/DriveConfigureations.o
                0x0000000003800bac                bancroft::XDrive::strafeLeftBy(float)
 .text._ZN8bancroft6XDrive13strafeRightByEf
                0x0000000003800bd0       0x24 build/src/DriveConfigureations.o
                0x0000000003800bd0                bancroft::XDrive::strafeRightBy(float)
 .text._ZN8bancroft6XDrive13strafeRightAtEf
                0x0000000003800bf4       0x98 build/src/DriveConfigureations.o
                0x0000000003800bf4                bancroft::XDrive::strafeRightAt(float)
 .text._ZN8bancroft6XDrive10turnLeftAtEf
                0x0000000003800c8c       0x88 build/src/DriveConfigureations.o
                0x0000000003800c8c                bancroft::XDrive::turnLeftAt(float)
 .text._ZN8bancroft6XDrive14startAllMotorsEb
                0x0000000003800d14      0x1ac build/src/DriveConfigureations.o
                0x0000000003800d14                bancroft::XDrive::startAllMotors(bool)
 .text._ZN8bancroft6XDrive13stopAllMotorsEv
                0x0000000003800ec0       0x3c build/src/DriveConfigureations.o
                0x0000000003800ec0                bancroft::XDrive::stopAllMotors()
 .text._ZN8bancroft5tFifoIPNS_6XDrive8passableEE3popERS3_
                0x0000000003800efc       0x98 build/src/DriveConfigureations.o
                0x0000000003800efc                bancroft::tFifo<bancroft::XDrive::passable*>::pop(bancroft::XDrive::passable*&)
 *fill*         0x0000000003800f94        0x4 
 .text._ZN8bancroft6XDrive13turnUntilTempEPv
                0x0000000003800f98      0x250 build/src/DriveConfigureations.o
                0x0000000003800f98                bancroft::XDrive::turnUntilTemp(void*)
 .text._ZN8bancroft6XDrive14driveUntilTempEPv
                0x00000000038011e8      0x170 build/src/DriveConfigureations.o
                0x00000000038011e8                bancroft::XDrive::driveUntilTemp(void*)
 .text._ZN8bancroft6XDrive15strafeUntilTempEPv
                0x0000000003801358      0x140 build/src/DriveConfigureations.o
                0x0000000003801358                bancroft::XDrive::strafeUntilTemp(void*)
 .text._ZN8bancroft6XDrive17driveUntilTempPIDEPv
                0x0000000003801498      0x214 build/src/DriveConfigureations.o
                0x0000000003801498                bancroft::XDrive::driveUntilTempPID(void*)
 *fill*         0x00000000038016ac        0x4 
 .text._ZN8bancroft6XDrive18strafeUntilTempPIDEPv
                0x00000000038016b0      0x1e4 build/src/DriveConfigureations.o
                0x00000000038016b0                bancroft::XDrive::strafeUntilTempPID(void*)
 .text._ZN8bancroft6XDrive10driveUntilEff
                0x0000000003801894       0x60 build/src/DriveConfigureations.o
                0x0000000003801894                bancroft::XDrive::driveUntil(float, float)
 .text._ZN8bancroft5tFifoIPNS_6XDrive8passableEE4pushERS3_
                0x00000000038018f4       0x60 build/src/DriveConfigureations.o
                0x00000000038018f4                bancroft::tFifo<bancroft::XDrive::passable*>::push(bancroft::XDrive::passable*&)
 .text._ZN8bancroft6XDrive9turnUntilEff
                0x0000000003801954       0x58 build/src/DriveConfigureations.o
                0x0000000003801954                bancroft::XDrive::turnUntil(float, float)
 .text._ZNSt11_Deque_baseIPN8bancroft6Module8passableESaIS3_EE17_M_initialize_mapEj
                0x00000000038019ac       0xac build/src/DriveConfigureations.o
                0x00000000038019ac                std::_Deque_base<bancroft::Module::passable*, std::allocator<bancroft::Module::passable*> >::_M_initialize_map(unsigned int)
 .text._ZNSt11_Deque_baseIPN8bancroft6Module8passableESaIS3_EEC2EOS5_
                0x0000000003801a58       0xa4 build/src/DriveConfigureations.o
                0x0000000003801a58                std::_Deque_base<bancroft::Module::passable*, std::allocator<bancroft::Module::passable*> >::_Deque_base(std::_Deque_base<bancroft::Module::passable*, std::allocator<bancroft::Module::passable*> >&&)
 .text._ZNSt11_Deque_baseIPN8bancroft6Module8passableESaIS3_EED2Ev
                0x0000000003801afc       0x50 build/src/DriveConfigureations.o
                0x0000000003801afc                std::_Deque_base<bancroft::Module::passable*, std::allocator<bancroft::Module::passable*> >::~_Deque_base()
 .text._ZNSt11_Deque_baseIPN8bancroft6XDrive8passableESaIS3_EE17_M_initialize_mapEj
                0x0000000003801b4c       0xac build/src/DriveConfigureations.o
                0x0000000003801b4c                std::_Deque_base<bancroft::XDrive::passable*, std::allocator<bancroft::XDrive::passable*> >::_M_initialize_map(unsigned int)
 .text._ZNSt11_Deque_baseIPN8bancroft6XDrive8passableESaIS3_EEC2EOS5_
                0x0000000003801bf8       0xa4 build/src/DriveConfigureations.o
                0x0000000003801bf8                std::_Deque_base<bancroft::XDrive::passable*, std::allocator<bancroft::XDrive::passable*> >::_Deque_base(std::_Deque_base<bancroft::XDrive::passable*, std::allocator<bancroft::XDrive::passable*> >&&)
 .text._ZNSt11_Deque_baseIPN8bancroft6XDrive8passableESaIS3_EED2Ev
                0x0000000003801c9c       0x50 build/src/DriveConfigureations.o
                0x0000000003801c9c                std::_Deque_base<bancroft::XDrive::passable*, std::allocator<bancroft::XDrive::passable*> >::~_Deque_base()
 .text._ZNSt5dequeIPN8bancroft6Module8passableESaIS3_EE16_M_push_back_auxIJRKS3_EEEvDpOT_
                0x0000000003801cec       0x7c build/src/DriveConfigureations.o
                0x0000000003801cec                void std::deque<bancroft::Module::passable*, std::allocator<bancroft::Module::passable*> >::_M_push_back_aux<bancroft::Module::passable* const&>(bancroft::Module::passable* const&)
 .text._ZNSt5dequeIPN8bancroft6Module8passableESaIS3_EE17_M_reallocate_mapEjb
                0x0000000003801d68      0x12c build/src/DriveConfigureations.o
                0x0000000003801d68                std::deque<bancroft::Module::passable*, std::allocator<bancroft::Module::passable*> >::_M_reallocate_map(unsigned int, bool)
 .text._ZNSt6vectorIPN8bancroft6ModuleESaIS2_EE19_M_emplace_back_auxIJRKS2_EEEvDpOT_
                0x0000000003801e94       0x8c build/src/DriveConfigureations.o
                0x0000000003801e94                void std::vector<bancroft::Module*, std::allocator<bancroft::Module*> >::_M_emplace_back_aux<bancroft::Module* const&>(bancroft::Module* const&)
 .text._ZNKSt6vectorIPN8bancroft6ModuleESaIS2_EE12_M_check_lenEjPKc
                0x0000000003801f20       0x54 build/src/DriveConfigureations.o
                0x0000000003801f20                std::vector<bancroft::Module*, std::allocator<bancroft::Module*> >::_M_check_len(unsigned int, char const*) const
 .text._ZNSt12_Vector_baseIPN8bancroft6ModuleESaIS2_EE11_M_allocateEj
                0x0000000003801f74       0x30 build/src/DriveConfigureations.o
                0x0000000003801f74                std::_Vector_base<bancroft::Module*, std::allocator<bancroft::Module*> >::_M_allocate(unsigned int)
 .text._ZNSt5dequeIPN8bancroft6XDrive8passableESaIS3_EE16_M_push_back_auxIJRKS3_EEEvDpOT_
                0x0000000003801fa4       0x7c build/src/DriveConfigureations.o
                0x0000000003801fa4                void std::deque<bancroft::XDrive::passable*, std::allocator<bancroft::XDrive::passable*> >::_M_push_back_aux<bancroft::XDrive::passable* const&>(bancroft::XDrive::passable* const&)
 .text._ZNSt5dequeIPN8bancroft6XDrive8passableESaIS3_EE17_M_reallocate_mapEjb
                0x0000000003802020      0x12c build/src/DriveConfigureations.o
                0x0000000003802020                std::deque<bancroft::XDrive::passable*, std::allocator<bancroft::XDrive::passable*> >::_M_reallocate_map(unsigned int, bool)
 .text._GLOBAL__sub_I_DriveConfigureations.cpp
                0x000000000380214c       0x34 build/src/DriveConfigureations.o
 .text._ZN2ai6jetsonC2Ev
                0x0000000003802180       0x60 build/src/ai_jetson.o
                0x0000000003802180                ai::jetson::jetson()
                0x0000000003802180                ai::jetson::jetson()
 .text._ZN2ai6jetson12receive_taskEPv
                0x00000000038021e0       0x8c build/src/ai_jetson.o
                0x00000000038021e0                ai::jetson::receive_task(void*)
 .text._ZN2ai6jetsonD2Ev
                0x000000000380226c       0x28 build/src/ai_jetson.o
                0x000000000380226c                ai::jetson::~jetson()
                0x000000000380226c                ai::jetson::~jetson()
 .text._ZN2ai6jetson11get_packetsEv
                0x0000000003802294        0x8 build/src/ai_jetson.o
                0x0000000003802294                ai::jetson::get_packets()
 .text._ZN2ai6jetson10get_errorsEv
                0x000000000380229c        0x8 build/src/ai_jetson.o
                0x000000000380229c                ai::jetson::get_errors()
 .text._ZN2ai6jetson12get_timeoutsEv
                0x00000000038022a4        0x8 build/src/ai_jetson.o
                0x00000000038022a4                ai::jetson::get_timeouts()
 .text._ZN2ai6jetson9get_totalEv
                0x00000000038022ac        0x8 build/src/ai_jetson.o
                0x00000000038022ac                ai::jetson::get_total()
 .text._ZN2ai6jetson8get_dataEP10MAP_RECORD
                0x00000000038022b4       0x5c build/src/ai_jetson.o
                0x00000000038022b4                ai::jetson::get_data(MAP_RECORD*)
 .text._ZN2ai6jetson5crc32EPhmm
                0x0000000003802310       0x84 build/src/ai_jetson.o
                0x0000000003802310                ai::jetson::crc32(unsigned char*, unsigned long, unsigned long)
 .text._ZN2ai6jetson5parseEh
                0x0000000003802394      0x340 build/src/ai_jetson.o
                0x0000000003802394                ai::jetson::parse(unsigned char)
 .text._ZN2ai6jetson11request_mapEv
                0x00000000038026d4       0x88 build/src/ai_jetson.o
                0x00000000038026d4                ai::jetson::request_map()
 .text._ZN2ai10robot_linkC2ElPKcN3vex8linkTypeE
                0x000000000380275c       0x98 build/src/ai_robot_link.o
                0x000000000380275c                ai::robot_link::robot_link(long, char const*, vex::linkType)
                0x000000000380275c                ai::robot_link::robot_link(long, char const*, vex::linkType)
 .text._ZN2ai10robot_link7tx_taskEPv
                0x00000000038027f4       0xe0 build/src/ai_robot_link.o
                0x00000000038027f4                ai::robot_link::tx_task(void*)
 .text._ZN2ai10robot_link7rx_taskEPv
                0x00000000038028d4       0x8c build/src/ai_robot_link.o
                0x00000000038028d4                ai::robot_link::rx_task(void*)
 .text._ZN2ai10robot_linkD2Ev
                0x0000000003802960       0x4c build/src/ai_robot_link.o
                0x0000000003802960                ai::robot_link::~robot_link()
                0x0000000003802960                ai::robot_link::~robot_link()
 .text._ZN2ai10robot_linkD0Ev
                0x00000000038029ac       0x14 build/src/ai_robot_link.o
                0x00000000038029ac                ai::robot_link::~robot_link()
 .text._ZN2ai10robot_link11get_packetsEv
                0x00000000038029c0        0x8 build/src/ai_robot_link.o
                0x00000000038029c0                ai::robot_link::get_packets()
 .text._ZN2ai10robot_link10get_errorsEv
                0x00000000038029c8        0x8 build/src/ai_robot_link.o
                0x00000000038029c8                ai::robot_link::get_errors()
 .text._ZN2ai10robot_link12get_timeoutsEv
                0x00000000038029d0        0x8 build/src/ai_robot_link.o
                0x00000000038029d0                ai::robot_link::get_timeouts()
 .text._ZN2ai10robot_link9get_totalEv
                0x00000000038029d8        0x8 build/src/ai_robot_link.o
                0x00000000038029d8                ai::robot_link::get_total()
 .text._ZN2ai10robot_link19set_remote_locationEfff
                0x00000000038029e0       0x70 build/src/ai_robot_link.o
                0x00000000038029e0                ai::robot_link::set_remote_location(float, float, float)
 .text._ZN2ai10robot_link18get_local_locationERfS1_S1_
                0x0000000003802a50       0x7c build/src/ai_robot_link.o
                0x0000000003802a50                ai::robot_link::get_local_location(float&, float&, float&)
 .text._ZN2ai10robot_link19get_remote_locationERfS1_S1_
                0x0000000003802acc       0x7c build/src/ai_robot_link.o
                0x0000000003802acc                ai::robot_link::get_remote_location(float&, float&, float&)
 .text._ZN2ai10robot_link7processEh
                0x0000000003802b48      0x25c build/src/ai_robot_link.o
                0x0000000003802b48                ai::robot_link::process(unsigned char)
 *fill*         0x0000000003802da4        0x4 
 .text._Z13dashboardTaskv
                0x0000000003802da8      0x8b4 build/src/dashboard.o
                0x0000000003802da8                dashboardTask()
 *fill*         0x000000000380365c        0x4 
 .text._ZN5FieldC2Ei
                0x0000000003803660       0xb0 build/src/gamelogic.o
                0x0000000003803660                Field::Field(int)
                0x0000000003803660                Field::Field(int)
 .text._ZN5Field3getEii
                0x0000000003803710       0x24 build/src/gamelogic.o
                0x0000000003803710                Field::get(int, int)
 .text._Z14autonomousMainv
                0x0000000003803734       0x14 build/src/main.o
                0x0000000003803734                autonomousMain()
 .text._Z4goToffR10MAP_RECORD
                0x0000000003803748      0x410 build/src/main.o
                0x0000000003803748                goTo(float, float, MAP_RECORD&)
 .text._Z5scoreR10MAP_RECORD
                0x0000000003803b58      0x344 build/src/main.o
                0x0000000003803b58                score(MAP_RECORD&)
 .text.main     0x0000000003803e9c       0xa8 build/src/main.o
                0x0000000003803e9c                main
 .text._GLOBAL__sub_I_main.cpp
                0x0000000003803f44       0xa8 build/src/main.o
 .text._ZN8bancroft6XDriveD2Ev
                0x0000000003803fec       0x34 build/src/robot-config.o
                0x0000000003803fec                bancroft::XDrive::~XDrive()
 .text._Z11vexcodeInitv
                0x0000000003804020      0x300 build/src/robot-config.o
                0x0000000003804020                vexcodeInit()
 .text._ZN3vex11motor_groupC2IJNS_5motorES2_EEERS2_DpRT_
                0x0000000003804320       0x44 build/src/robot-config.o
                0x0000000003804320                vex::motor_group::motor_group<vex::motor, vex::motor>(vex::motor&, vex::motor&, vex::motor&)
 .text._GLOBAL__sub_I_robot_config.cpp
                0x0000000003804364      0x10c build/src/robot-config.o
 .text.vexMain  0x0000000003804470       0xb0 /Applications/VEXcode Pro V5.app/Contents/Resources/sdk/vexv5/libv5rt.a(v5_startup.c.obj)
                0x0000000003804470                vexMain
 .text.__vex_function_prolog
                0x0000000003804520       0x18 /Applications/VEXcode Pro V5.app/Contents/Resources/sdk/vexv5/libv5rt.a(v5_startup.c.obj)
                0x0000000003804520                __vex_function_prolog
 .text._init    0x0000000003804538        0x4 /Applications/VEXcode Pro V5.app/Contents/Resources/sdk/vexv5/libv5rt.a(v5_startup.c.obj)
                0x0000000003804538                _init
 .text._fini    0x000000000380453c        0x4 /Applications/VEXcode Pro V5.app/Contents/Resources/sdk/vexv5/libv5rt.a(v5_startup.c.obj)
                0x000000000380453c                _fini
 .text.vexStdlibVersionLinked
                0x0000000003804540        0xc /Applications/VEXcode Pro V5.app/Contents/Resources/sdk/vexv5/libv5rt.a(v5_util.c.obj)
                0x0000000003804540                vexStdlibVersionLinked
 .text.vexStdlibVersionVerify
                0x000000000380454c       0x30 /Applications/VEXcode Pro V5.app/Contents/Resources/sdk/vexv5/libv5rt.a(v5_util.c.obj)
                0x000000000380454c                vexStdlibVersionVerify
 .text.vexPrivateApiEnable
                0x000000000380457c       0x10 /Applications/VEXcode Pro V5.app/Contents/Resources/sdk/vexv5/libv5rt.a(v5_apijump.c.obj)
                0x000000000380457c                vexPrivateApiEnable
 .text.vexStdlibMismatchError
                0x000000000380458c       0x3c /Applications/VEXcode Pro V5.app/Contents/Resources/sdk/vexv5/libv5rt.a(v5_apijump.c.obj)
                0x000000000380458c                vexStdlibMismatchError
 .text.vexTaskAdd
                0x00000000038045c8       0x10 /Applications/VEXcode Pro V5.app/Contents/Resources/sdk/vexv5/libv5rt.a(v5_apijump.c.obj)
                0x00000000038045c8                vexTaskAdd
 .text.vexTasksRun
                0x00000000038045d8       0x10 /Applications/VEXcode Pro V5.app/Contents/Resources/sdk/vexv5/libv5rt.a(v5_apijump.c.obj)
                0x00000000038045d8                vexTasksRun
 .text.vexTaskYield
                0x00000000038045e8       0x10 /Applications/VEXcode Pro V5.app/Contents/Resources/sdk/vexv5/libv5rt.a(v5_apijump.c.obj)
                0x00000000038045e8                vexTaskYield
 .text.vexTaskCheckTimeslice
                0x00000000038045f8       0x10 /Applications/VEXcode Pro V5.app/Contents/Resources/sdk/vexv5/libv5rt.a(v5_apijump.c.obj)
                0x00000000038045f8                vexTaskCheckTimeslice
 .text.vexTaskSleep
                0x0000000003804608       0x10 /Applications/VEXcode Pro V5.app/Contents/Resources/sdk/vexv5/libv5rt.a(v5_apijump.c.obj)
                0x0000000003804608                vexTaskSleep
 .text.vexSemaphoreInit
                0x0000000003804618       0x24 /Applications/VEXcode Pro V5.app/Contents/Resources/sdk/vexv5/libv5rt.a(v5_apijump.c.obj)
                0x0000000003804618                vexSemaphoreInit
 .text.vexSemaphoreLock
                0x000000000380463c       0x2c /Applications/VEXcode Pro V5.app/Contents/Resources/sdk/vexv5/libv5rt.a(v5_apijump.c.obj)
                0x000000000380463c                vexSemaphoreLock
 .text.vexSemaphoreUnlock
                0x0000000003804668       0x24 /Applications/VEXcode Pro V5.app/Contents/Resources/sdk/vexv5/libv5rt.a(v5_apijump.c.obj)
                0x0000000003804668                vexSemaphoreUnlock
 .text.vexTasksDump
                0x000000000380468c       0x1c /Applications/VEXcode Pro V5.app/Contents/Resources/sdk/vexv5/libv5rt.a(v5_apijump.c.obj)
                0x000000000380468c                vexTasksDump
 .text.vexTaskGetTaskIndex
                0x00000000038046a8       0x10 /Applications/VEXcode Pro V5.app/Contents/Resources/sdk/vexv5/libv5rt.a(v5_apijump.c.obj)
                0x00000000038046a8                vexTaskGetTaskIndex
 .text.vexTaskStopAll
                0x00000000038046b8       0x10 /Applications/VEXcode Pro V5.app/Contents/Resources/sdk/vexv5/libv5rt.a(v5_apijump.c.obj)
                0x00000000038046b8                vexTaskStopAll
 .text.vexTaskRemoveAllUser
                0x00000000038046c8       0x34 /Applications/VEXcode Pro V5.app/Contents/Resources/sdk/vexv5/libv5rt.a(v5_apijump.c.obj)
                0x00000000038046c8                vexTaskRemoveAllUser
 .text.vexTaskCompletionIdSet
                0x00000000038046fc       0x10 /Applications/VEXcode Pro V5.app/Contents/Resources/sdk/vexv5/libv5rt.a(v5_apijump.c.obj)
                0x00000000038046fc                vexTaskCompletionIdSet
 .text.vexTaskAddWithArg
                0x000000000380470c       0x10 /Applications/VEXcode Pro V5.app/Contents/Resources/sdk/vexv5/libv5rt.a(v5_apijump.c.obj)
                0x000000000380470c                vexTaskAddWithArg
 .text.vexTaskStopWithId
                0x000000000380471c       0x10 /Applications/VEXcode Pro V5.app/Contents/Resources/sdk/vexv5/libv5rt.a(v5_apijump.c.obj)
                0x000000000380471c                vexTaskStopWithId
 .text.vexTaskPrioritySetWithId
                0x000000000380472c       0x10 /Applications/VEXcode Pro V5.app/Contents/Resources/sdk/vexv5/libv5rt.a(v5_apijump.c.obj)
                0x000000000380472c                vexTaskPrioritySetWithId
 .text.vexCriticalSection
                0x000000000380473c       0x2c /Applications/VEXcode Pro V5.app/Contents/Resources/sdk/vexv5/libv5rt.a(v5_apijump.c.obj)
                0x000000000380473c                vexCriticalSection
 .text.vexEventAdd
                0x0000000003804768       0x34 /Applications/VEXcode Pro V5.app/Contents/Resources/sdk/vexv5/libv5rt.a(v5_apijump.c.obj)
                0x0000000003804768                vexEventAdd
 .text.vexEventUserIndexGet
                0x000000000380479c       0x1c /Applications/VEXcode Pro V5.app/Contents/Resources/sdk/vexv5/libv5rt.a(v5_apijump.c.obj)
                0x000000000380479c                vexEventUserIndexGet
 .text.vexEventAddWithArg
                0x00000000038047b8       0x3c /Applications/VEXcode Pro V5.app/Contents/Resources/sdk/vexv5/libv5rt.a(v5_apijump.c.obj)
                0x00000000038047b8                vexEventAddWithArg
 .text.vexEventsCleanup
                0x00000000038047f4       0x2c /Applications/VEXcode Pro V5.app/Contents/Resources/sdk/vexv5/libv5rt.a(v5_apijump.c.obj)
                0x00000000038047f4                vexEventsCleanup
 .text.vexDebug
                0x0000000003804820       0x38 /Applications/VEXcode Pro V5.app/Contents/Resources/sdk/vexv5/libv5rt.a(v5_apijump.c.obj)
                0x0000000003804820                vexDebug
 .text.vex_sprintf
                0x0000000003804858       0x40 /Applications/VEXcode Pro V5.app/Contents/Resources/sdk/vexv5/libv5rt.a(v5_apijump.c.obj)
                0x0000000003804858                vex_sprintf
 .text.vex_vsnprintf
                0x0000000003804898       0x3c /Applications/VEXcode Pro V5.app/Contents/Resources/sdk/vexv5/libv5rt.a(v5_apijump.c.obj)
                0x0000000003804898                vex_vsnprintf
 .text.vexSystemTimeGet
                0x00000000038048d4       0x1c /Applications/VEXcode Pro V5.app/Contents/Resources/sdk/vexv5/libv5rt.a(v5_apijump.c.obj)
                0x00000000038048d4                vexSystemTimeGet
 .text.vexSystemExitRequest
                0x00000000038048f0       0x1c /Applications/VEXcode Pro V5.app/Contents/Resources/sdk/vexv5/libv5rt.a(v5_apijump.c.obj)
                0x00000000038048f0                vexSystemExitRequest
 .text.vexDeviceGetByIndex
                0x000000000380490c       0x24 /Applications/VEXcode Pro V5.app/Contents/Resources/sdk/vexv5/libv5rt.a(v5_apijump.c.obj)
                0x000000000380490c                vexDeviceGetByIndex
 .text.vexDeviceMotorVelocitySet
                0x0000000003804930       0x2c /Applications/VEXcode Pro V5.app/Contents/Resources/sdk/vexv5/libv5rt.a(v5_apijump.c.obj)
                0x0000000003804930                vexDeviceMotorVelocitySet
 .text.vexDeviceMotorActualVelocityGet
                0x000000000380495c       0x24 /Applications/VEXcode Pro V5.app/Contents/Resources/sdk/vexv5/libv5rt.a(v5_apijump.c.obj)
                0x000000000380495c                vexDeviceMotorActualVelocityGet
 .text.vexDeviceMotorReverseFlagSet
                0x0000000003804980       0x2c /Applications/VEXcode Pro V5.app/Contents/Resources/sdk/vexv5/libv5rt.a(v5_apijump.c.obj)
                0x0000000003804980                vexDeviceMotorReverseFlagSet
 .text.vexDeviceMotorEncoderUnitsSet
                0x00000000038049ac       0x2c /Applications/VEXcode Pro V5.app/Contents/Resources/sdk/vexv5/libv5rt.a(v5_apijump.c.obj)
                0x00000000038049ac                vexDeviceMotorEncoderUnitsSet
 .text.vexDeviceMotorBrakeModeSet
                0x00000000038049d8       0x2c /Applications/VEXcode Pro V5.app/Contents/Resources/sdk/vexv5/libv5rt.a(v5_apijump.c.obj)
                0x00000000038049d8                vexDeviceMotorBrakeModeSet
 .text.vexDeviceMotorPositionSet
                0x0000000003804a04       0x34 /Applications/VEXcode Pro V5.app/Contents/Resources/sdk/vexv5/libv5rt.a(v5_apijump.c.obj)
                0x0000000003804a04                vexDeviceMotorPositionSet
 .text.vexDeviceMotorPositionGet
                0x0000000003804a38       0x24 /Applications/VEXcode Pro V5.app/Contents/Resources/sdk/vexv5/libv5rt.a(v5_apijump.c.obj)
                0x0000000003804a38                vexDeviceMotorPositionGet
 .text.vexDeviceMotorGearingSet
                0x0000000003804a5c       0x2c /Applications/VEXcode Pro V5.app/Contents/Resources/sdk/vexv5/libv5rt.a(v5_apijump.c.obj)
                0x0000000003804a5c                vexDeviceMotorGearingSet
 .text.vexDeviceMotorGearingGet
                0x0000000003804a88       0x24 /Applications/VEXcode Pro V5.app/Contents/Resources/sdk/vexv5/libv5rt.a(v5_apijump.c.obj)
                0x0000000003804a88                vexDeviceMotorGearingGet
 .text.vexDisplayForegroundColor
                0x0000000003804aac       0x24 /Applications/VEXcode Pro V5.app/Contents/Resources/sdk/vexv5/libv5rt.a(v5_apijump.c.obj)
                0x0000000003804aac                vexDisplayForegroundColor
 .text.vexDisplayBackgroundColor
                0x0000000003804ad0       0x24 /Applications/VEXcode Pro V5.app/Contents/Resources/sdk/vexv5/libv5rt.a(v5_apijump.c.obj)
                0x0000000003804ad0                vexDisplayBackgroundColor
 .text.vexDisplayBackgroundColorGet
                0x0000000003804af4       0x1c /Applications/VEXcode Pro V5.app/Contents/Resources/sdk/vexv5/libv5rt.a(v5_apijump.c.obj)
                0x0000000003804af4                vexDisplayBackgroundColorGet
 .text.vexDisplayRectDraw
                0x0000000003804b10       0x4c /Applications/VEXcode Pro V5.app/Contents/Resources/sdk/vexv5/libv5rt.a(v5_apijump.c.obj)
                0x0000000003804b10                vexDisplayRectDraw
 .text.vexDisplayRectClear
                0x0000000003804b5c       0x4c /Applications/VEXcode Pro V5.app/Contents/Resources/sdk/vexv5/libv5rt.a(v5_apijump.c.obj)
                0x0000000003804b5c                vexDisplayRectClear
 .text.vexDisplayPrintf
                0x0000000003804ba8       0x68 /Applications/VEXcode Pro V5.app/Contents/Resources/sdk/vexv5/libv5rt.a(v5_apijump.c.obj)
                0x0000000003804ba8                vexDisplayPrintf
 .text.vexDisplayTextReference
                0x0000000003804c10       0x24 /Applications/VEXcode Pro V5.app/Contents/Resources/sdk/vexv5/libv5rt.a(v5_apijump.c.obj)
                0x0000000003804c10                vexDisplayTextReference
 .text.vexDisplayTextSize
                0x0000000003804c34       0x2c /Applications/VEXcode Pro V5.app/Contents/Resources/sdk/vexv5/libv5rt.a(v5_apijump.c.obj)
                0x0000000003804c34                vexDisplayTextSize
 .text.vexDisplayFontNamedSet
                0x0000000003804c60       0x24 /Applications/VEXcode Pro V5.app/Contents/Resources/sdk/vexv5/libv5rt.a(v5_apijump.c.obj)
                0x0000000003804c60                vexDisplayFontNamedSet
 .text.vexDisplayPenSizeGet
                0x0000000003804c84       0x1c /Applications/VEXcode Pro V5.app/Contents/Resources/sdk/vexv5/libv5rt.a(v5_apijump.c.obj)
                0x0000000003804c84                vexDisplayPenSizeGet
 .text.vexSystemStdlibImpureDataAddr
                0x0000000003804ca0       0x28 /Applications/VEXcode Pro V5.app/Contents/Resources/sdk/vexv5/libv5rt.a(v5_apijump.c.obj)
                0x0000000003804ca0                vexSystemStdlibImpureDataAddr
 .text.vexSystemStdlibImpureDataSize
                0x0000000003804cc8       0x28 /Applications/VEXcode Pro V5.app/Contents/Resources/sdk/vexv5/libv5rt.a(v5_apijump.c.obj)
                0x0000000003804cc8                vexSystemStdlibImpureDataSize
 .text.vexSystemSaveUserData
                0x0000000003804cf0       0x3c /Applications/VEXcode Pro V5.app/Contents/Resources/sdk/vexv5/libv5rt.a(v5_apijump.c.obj)
                0x0000000003804cf0                vexSystemSaveUserData
 .text.vexDisplayClipRegionSet
                0x0000000003804d2c       0x4c /Applications/VEXcode Pro V5.app/Contents/Resources/sdk/vexv5/libv5rt.a(v5_apijump.c.obj)
                0x0000000003804d2c                vexDisplayClipRegionSet
 .text.vexDisplayThemeIdGet
                0x0000000003804d78       0x38 /Applications/VEXcode Pro V5.app/Contents/Resources/sdk/vexv5/libv5rt.a(v5_apijump.c.obj)
                0x0000000003804d78                vexDisplayThemeIdGet
 .text.vexDisplayRender
                0x0000000003804db0       0x2c /Applications/VEXcode Pro V5.app/Contents/Resources/sdk/vexv5/libv5rt.a(v5_apijump.c.obj)
                0x0000000003804db0                vexDisplayRender
 .text.vexDeviceEventMaskSet
                0x0000000003804ddc       0x48 /Applications/VEXcode Pro V5.app/Contents/Resources/sdk/vexv5/libv5rt.a(v5_apijump.c.obj)
                0x0000000003804ddc                vexDeviceEventMaskSet
 .text.vexDeviceEventMaskGet
                0x0000000003804e24       0x3c /Applications/VEXcode Pro V5.app/Contents/Resources/sdk/vexv5/libv5rt.a(v5_apijump.c.obj)
                0x0000000003804e24                vexDeviceEventMaskGet
 .text.vexDeviceGenericSerialEnable
                0x0000000003804e60       0x2c /Applications/VEXcode Pro V5.app/Contents/Resources/sdk/vexv5/libv5rt.a(v5_apijump.c.obj)
                0x0000000003804e60                vexDeviceGenericSerialEnable
 .text.vexDeviceGenericSerialBaudrate
                0x0000000003804e8c       0x2c /Applications/VEXcode Pro V5.app/Contents/Resources/sdk/vexv5/libv5rt.a(v5_apijump.c.obj)
                0x0000000003804e8c                vexDeviceGenericSerialBaudrate
 .text.vexDeviceGenericSerialWriteChar
                0x0000000003804eb8       0x2c /Applications/VEXcode Pro V5.app/Contents/Resources/sdk/vexv5/libv5rt.a(v5_apijump.c.obj)
                0x0000000003804eb8                vexDeviceGenericSerialWriteChar
 .text.vexDeviceGenericSerialWriteFree
                0x0000000003804ee4       0x24 /Applications/VEXcode Pro V5.app/Contents/Resources/sdk/vexv5/libv5rt.a(v5_apijump.c.obj)
                0x0000000003804ee4                vexDeviceGenericSerialWriteFree
 .text.vexDeviceGenericSerialTransmit
                0x0000000003804f08       0x34 /Applications/VEXcode Pro V5.app/Contents/Resources/sdk/vexv5/libv5rt.a(v5_apijump.c.obj)
                0x0000000003804f08                vexDeviceGenericSerialTransmit
 .text.vexDeviceGenericSerialReadChar
                0x0000000003804f3c       0x24 /Applications/VEXcode Pro V5.app/Contents/Resources/sdk/vexv5/libv5rt.a(v5_apijump.c.obj)
                0x0000000003804f3c                vexDeviceGenericSerialReadChar
 .text.vexDeviceGenericSerialPeekChar
                0x0000000003804f60       0x24 /Applications/VEXcode Pro V5.app/Contents/Resources/sdk/vexv5/libv5rt.a(v5_apijump.c.obj)
                0x0000000003804f60                vexDeviceGenericSerialPeekChar
 .text.vexDeviceGenericSerialReceiveAvail
                0x0000000003804f84       0x24 /Applications/VEXcode Pro V5.app/Contents/Resources/sdk/vexv5/libv5rt.a(v5_apijump.c.obj)
                0x0000000003804f84                vexDeviceGenericSerialReceiveAvail
 .text.vexDeviceGenericSerialReceive
                0x0000000003804fa8       0x34 /Applications/VEXcode Pro V5.app/Contents/Resources/sdk/vexv5/libv5rt.a(v5_apijump.c.obj)
                0x0000000003804fa8                vexDeviceGenericSerialReceive
 .text.vexDeviceGenericRadioConnection
                0x0000000003804fdc       0x3c /Applications/VEXcode Pro V5.app/Contents/Resources/sdk/vexv5/libv5rt.a(v5_apijump.c.obj)
                0x0000000003804fdc                vexDeviceGenericRadioConnection
 .text.vexDeviceGenericRadioWriteChar
                0x0000000003805018       0x2c /Applications/VEXcode Pro V5.app/Contents/Resources/sdk/vexv5/libv5rt.a(v5_apijump.c.obj)
                0x0000000003805018                vexDeviceGenericRadioWriteChar
 .text.vexDeviceGenericRadioWriteFree
                0x0000000003805044       0x24 /Applications/VEXcode Pro V5.app/Contents/Resources/sdk/vexv5/libv5rt.a(v5_apijump.c.obj)
                0x0000000003805044                vexDeviceGenericRadioWriteFree
 .text.vexDeviceGenericRadioTransmit
                0x0000000003805068       0x34 /Applications/VEXcode Pro V5.app/Contents/Resources/sdk/vexv5/libv5rt.a(v5_apijump.c.obj)
                0x0000000003805068                vexDeviceGenericRadioTransmit
 .text.vexDeviceGenericRadioReadChar
                0x000000000380509c       0x24 /Applications/VEXcode Pro V5.app/Contents/Resources/sdk/vexv5/libv5rt.a(v5_apijump.c.obj)
                0x000000000380509c                vexDeviceGenericRadioReadChar
 .text.vexDeviceGenericRadioPeekChar
                0x00000000038050c0       0x24 /Applications/VEXcode Pro V5.app/Contents/Resources/sdk/vexv5/libv5rt.a(v5_apijump.c.obj)
                0x00000000038050c0                vexDeviceGenericRadioPeekChar
 .text.vexDeviceGenericRadioReceiveAvail
                0x00000000038050e4       0x24 /Applications/VEXcode Pro V5.app/Contents/Resources/sdk/vexv5/libv5rt.a(v5_apijump.c.obj)
                0x00000000038050e4                vexDeviceGenericRadioReceiveAvail
 .text.vexDeviceGenericRadioReceive
                0x0000000003805108       0x34 /Applications/VEXcode Pro V5.app/Contents/Resources/sdk/vexv5/libv5rt.a(v5_apijump.c.obj)
                0x0000000003805108                vexDeviceGenericRadioReceive
 .text.vexDeviceGenericRadioLinkStatus
                0x000000000380513c       0x24 /Applications/VEXcode Pro V5.app/Contents/Resources/sdk/vexv5/libv5rt.a(v5_apijump.c.obj)
                0x000000000380513c                vexDeviceGenericRadioLinkStatus
 .text.vexDeviceGenericCdcConnection
                0x0000000003805160       0x2c /Applications/VEXcode Pro V5.app/Contents/Resources/sdk/vexv5/libv5rt.a(v5_apijump.c.obj)
                0x0000000003805160                vexDeviceGenericCdcConnection
 .text.vexDeviceGenericCdcWriteChar
                0x000000000380518c       0x2c /Applications/VEXcode Pro V5.app/Contents/Resources/sdk/vexv5/libv5rt.a(v5_apijump.c.obj)
                0x000000000380518c                vexDeviceGenericCdcWriteChar
 .text.vexDeviceGenericCdcWriteFree
                0x00000000038051b8       0x24 /Applications/VEXcode Pro V5.app/Contents/Resources/sdk/vexv5/libv5rt.a(v5_apijump.c.obj)
                0x00000000038051b8                vexDeviceGenericCdcWriteFree
 .text.vexDeviceGenericCdcTransmit
                0x00000000038051dc       0x34 /Applications/VEXcode Pro V5.app/Contents/Resources/sdk/vexv5/libv5rt.a(v5_apijump.c.obj)
                0x00000000038051dc                vexDeviceGenericCdcTransmit
 .text.vexDeviceGenericCdcReadChar
                0x0000000003805210       0x24 /Applications/VEXcode Pro V5.app/Contents/Resources/sdk/vexv5/libv5rt.a(v5_apijump.c.obj)
                0x0000000003805210                vexDeviceGenericCdcReadChar
 .text.vexDeviceGenericCdcPeekChar
                0x0000000003805234       0x24 /Applications/VEXcode Pro V5.app/Contents/Resources/sdk/vexv5/libv5rt.a(v5_apijump.c.obj)
                0x0000000003805234                vexDeviceGenericCdcPeekChar
 .text.vexDeviceGenericCdcReceiveAvail
                0x0000000003805258       0x24 /Applications/VEXcode Pro V5.app/Contents/Resources/sdk/vexv5/libv5rt.a(v5_apijump.c.obj)
                0x0000000003805258                vexDeviceGenericCdcReceiveAvail
 .text.vexDeviceGenericCdcReceive
                0x000000000380527c       0x34 /Applications/VEXcode Pro V5.app/Contents/Resources/sdk/vexv5/libv5rt.a(v5_apijump.c.obj)
                0x000000000380527c                vexDeviceGenericCdcReceive
 .text.vexDeviceGenericCdcLinkStatus
                0x00000000038052b0       0x24 /Applications/VEXcode Pro V5.app/Contents/Resources/sdk/vexv5/libv5rt.a(v5_apijump.c.obj)
                0x00000000038052b0                vexDeviceGenericCdcLinkStatus
 .text.vexSystemVersion
                0x00000000038052d4       0x10 /Applications/VEXcode Pro V5.app/Contents/Resources/sdk/vexv5/libv5rt.a(v5_apiversions.c.obj)
                0x00000000038052d4                vexSystemVersion
 .text.vexStdlibVersion
                0x00000000038052e4       0x10 /Applications/VEXcode Pro V5.app/Contents/Resources/sdk/vexv5/libv5rt.a(v5_apiversions.c.obj)
                0x00000000038052e4                vexStdlibVersion
 *fill*         0x00000000038052f4        0x4 
 .text._ZN3vex4waitEdNS_9timeUnitsE
                0x00000000038052f8       0x30 /Applications/VEXcode Pro V5.app/Contents/Resources/sdk/vexv5/libv5rt.a(vex_global.cpp.obj)
                0x00000000038052f8                vex::wait(double, vex::timeUnits)
 .text._ZN3vex6deviceD2Ev
                0x0000000003805328        0x4 /Applications/VEXcode Pro V5.app/Contents/Resources/sdk/vexv5/libv5rt.a(vex_device.cpp.obj)
                0x0000000003805328                vex::device::~device()
                0x0000000003805328                vex::device::~device()
 .text._ZN3vex6device5valueEv
                0x000000000380532c        0x8 /Applications/VEXcode Pro V5.app/Contents/Resources/sdk/vexv5/libv5rt.a(vex_device.cpp.obj)
                0x000000000380532c                vex::device::value()
 .text._ZN3vex6deviceD0Ev
                0x0000000003805334       0x14 /Applications/VEXcode Pro V5.app/Contents/Resources/sdk/vexv5/libv5rt.a(vex_device.cpp.obj)
                0x0000000003805334                vex::device::~device()
 .text._ZN3vex6device4initEl
                0x0000000003805348       0x30 /Applications/VEXcode Pro V5.app/Contents/Resources/sdk/vexv5/libv5rt.a(vex_device.cpp.obj)
                0x0000000003805348                vex::device::init(long)
 .text._ZN3vex6deviceC2El
                0x0000000003805378       0x20 /Applications/VEXcode Pro V5.app/Contents/Resources/sdk/vexv5/libv5rt.a(vex_device.cpp.obj)
                0x0000000003805378                vex::device::device(long)
                0x0000000003805378                vex::device::device(long)
 .text._ZN3vex6device4typeEv
                0x0000000003805398       0x10 /Applications/VEXcode Pro V5.app/Contents/Resources/sdk/vexv5/libv5rt.a(vex_device.cpp.obj)
                0x0000000003805398                vex::device::type()
 .text._ZN3vex6device9installedEv
                0x00000000038053a8       0x14 /Applications/VEXcode Pro V5.app/Contents/Resources/sdk/vexv5/libv5rt.a(vex_device.cpp.obj)
                0x00000000038053a8                vex::device::installed()
 .text._ZN3vex5motorD2Ev
                0x00000000038053bc       0x20 /Applications/VEXcode Pro V5.app/Contents/Resources/sdk/vexv5/libv5rt.a(vex_motor.cpp.obj)
                0x00000000038053bc                vex::motor::~motor()
                0x00000000038053bc                vex::motor::~motor()
 .text._ZN3vex5motorD0Ev
                0x00000000038053dc       0x1c /Applications/VEXcode Pro V5.app/Contents/Resources/sdk/vexv5/libv5rt.a(vex_motor.cpp.obj)
                0x00000000038053dc                vex::motor::~motor()
 .text._ZN3vex5motor9installedEv
                0x00000000038053f8       0x18 /Applications/VEXcode Pro V5.app/Contents/Resources/sdk/vexv5/libv5rt.a(vex_motor.cpp.obj)
                0x00000000038053f8                vex::motor::installed()
 .text._ZN3vex5motor15defaultStoppingENS_9brakeTypeE
                0x0000000003805410       0x30 /Applications/VEXcode Pro V5.app/Contents/Resources/sdk/vexv5/libv5rt.a(vex_motor.cpp.obj)
                0x0000000003805410                vex::motor::defaultStopping(vex::brakeType)
 .text._ZN3vex5motorC2El
                0x0000000003805440       0x78 /Applications/VEXcode Pro V5.app/Contents/Resources/sdk/vexv5/libv5rt.a(vex_motor.cpp.obj)
                0x0000000003805440                vex::motor::motor(long)
                0x0000000003805440                vex::motor::motor(long)
 .text._ZN3vex5motorC2ElNS_11gearSettingEb
                0x00000000038054b8       0x34 /Applications/VEXcode Pro V5.app/Contents/Resources/sdk/vexv5/libv5rt.a(vex_motor.cpp.obj)
                0x00000000038054b8                vex::motor::motor(long, vex::gearSetting, bool)
                0x00000000038054b8                vex::motor::motor(long, vex::gearSetting, bool)
 .text._ZN3vex5motor4stopENS_9brakeTypeE
                0x00000000038054ec       0x30 /Applications/VEXcode Pro V5.app/Contents/Resources/sdk/vexv5/libv5rt.a(vex_motor.cpp.obj)
                0x00000000038054ec                vex::motor::stop(vex::brakeType)
 .text._ZN3vex5motor4stopEv
                0x000000000380551c        0x8 /Applications/VEXcode Pro V5.app/Contents/Resources/sdk/vexv5/libv5rt.a(vex_motor.cpp.obj)
                0x000000000380551c                vex::motor::stop()
 .text._ZN3vex5motor16velocityToScaledEdNS_13velocityUnitsE
                0x0000000003805524       0x5c /Applications/VEXcode Pro V5.app/Contents/Resources/sdk/vexv5/libv5rt.a(vex_motor.cpp.obj)
                0x0000000003805524                vex::motor::velocityToScaled(double, vex::velocityUnits)
 .text._ZN3vex5motor8velocityENS_13velocityUnitsE
                0x0000000003805580       0x30 /Applications/VEXcode Pro V5.app/Contents/Resources/sdk/vexv5/libv5rt.a(vex_motor.cpp.obj)
                0x0000000003805580                vex::motor::velocity(vex::velocityUnits)
 .text._ZN3vex5motor5valueEv
                0x00000000038055b0       0x1c /Applications/VEXcode Pro V5.app/Contents/Resources/sdk/vexv5/libv5rt.a(vex_motor.cpp.obj)
                0x00000000038055b0                vex::motor::value()
 .text._ZN3vex5motor16scaledToVelocityEdNS_13velocityUnitsE
                0x00000000038055cc       0xa4 /Applications/VEXcode Pro V5.app/Contents/Resources/sdk/vexv5/libv5rt.a(vex_motor.cpp.obj)
                0x00000000038055cc                vex::motor::scaledToVelocity(double, vex::velocityUnits)
 .text._ZN3vex5motor4spinENS_13directionTypeEdNS_13velocityUnitsE
                0x0000000003805670       0x5c /Applications/VEXcode Pro V5.app/Contents/Resources/sdk/vexv5/libv5rt.a(vex_motor.cpp.obj)
                0x0000000003805670                vex::motor::spin(vex::directionType, double, vex::velocityUnits)
 .text._ZN3vex5motor4spinENS_13directionTypeE
                0x00000000038056cc       0x28 /Applications/VEXcode Pro V5.app/Contents/Resources/sdk/vexv5/libv5rt.a(vex_motor.cpp.obj)
                0x00000000038056cc                vex::motor::spin(vex::directionType)
 .text._ZN3vex5motor11setVelocityEdNS_13velocityUnitsE
                0x00000000038056f4       0x54 /Applications/VEXcode Pro V5.app/Contents/Resources/sdk/vexv5/libv5rt.a(vex_motor.cpp.obj)
                0x00000000038056f4                vex::motor::setVelocity(double, vex::velocityUnits)
 .text._ZN3vex5motor16setRotationUnitsENS_13rotationUnitsE
                0x0000000003805748       0x1c /Applications/VEXcode Pro V5.app/Contents/Resources/sdk/vexv5/libv5rt.a(vex_motor.cpp.obj)
                0x0000000003805748                vex::motor::setRotationUnits(vex::rotationUnits)
 .text._ZN3vex5motor11setRotationEdNS_13rotationUnitsE
                0x0000000003805764       0x44 /Applications/VEXcode Pro V5.app/Contents/Resources/sdk/vexv5/libv5rt.a(vex_motor.cpp.obj)
                0x0000000003805764                vex::motor::setRotation(double, vex::rotationUnits)
 .text._ZN3vex5motor13resetRotationEv
                0x00000000038057a8       0x20 /Applications/VEXcode Pro V5.app/Contents/Resources/sdk/vexv5/libv5rt.a(vex_motor.cpp.obj)
                0x00000000038057a8                vex::motor::resetRotation()
 .text._ZN3vex5motor8rotationENS_13rotationUnitsE
                0x00000000038057c8       0x44 /Applications/VEXcode Pro V5.app/Contents/Resources/sdk/vexv5/libv5rt.a(vex_motor.cpp.obj)
                0x00000000038057c8                vex::motor::rotation(vex::rotationUnits)
 .text._ZN3vex6threadC2EPFivE
                0x000000000380580c       0x5c /Applications/VEXcode Pro V5.app/Contents/Resources/sdk/vexv5/libv5rt.a(vex_thread.cpp.obj)
                0x000000000380580c                vex::thread::thread(int (*)())
                0x000000000380580c                vex::thread::thread(int (*)())
 .text._ZN3vex6threadC2EPFiPvES1_
                0x0000000003805868       0x5c /Applications/VEXcode Pro V5.app/Contents/Resources/sdk/vexv5/libv5rt.a(vex_thread.cpp.obj)
                0x0000000003805868                vex::thread::thread(int (*)(void*), void*)
                0x0000000003805868                vex::thread::thread(int (*)(void*), void*)
 .text._ZN3vex6threadD2Ev
                0x00000000038058c4        0x4 /Applications/VEXcode Pro V5.app/Contents/Resources/sdk/vexv5/libv5rt.a(vex_thread.cpp.obj)
                0x00000000038058c4                vex::thread::~thread()
                0x00000000038058c4                vex::thread::~thread()
 .text._ZN3vex6thread11setPriorityEl
                0x00000000038058c8       0x1c /Applications/VEXcode Pro V5.app/Contents/Resources/sdk/vexv5/libv5rt.a(vex_thread.cpp.obj)
                0x00000000038058c8                vex::thread::setPriority(long)
 .text._ZN3vex11this_thread5yieldEv
                0x00000000038058e4        0x4 /Applications/VEXcode Pro V5.app/Contents/Resources/sdk/vexv5/libv5rt.a(vex_thread.cpp.obj)
                0x00000000038058e4                vex::this_thread::yield()
 .text._ZN3vex11this_thread9sleep_forEm
                0x00000000038058e8        0x4 /Applications/VEXcode Pro V5.app/Contents/Resources/sdk/vexv5/libv5rt.a(vex_thread.cpp.obj)
                0x00000000038058e8                vex::this_thread::sleep_for(unsigned long)
 .text._ZN3vex5mutexC2Ev
                0x00000000038058ec       0x1c /Applications/VEXcode Pro V5.app/Contents/Resources/sdk/vexv5/libv5rt.a(vex_thread.cpp.obj)
                0x00000000038058ec                vex::mutex::mutex()
                0x00000000038058ec                vex::mutex::mutex()
 .text._ZN3vex5mutexD2Ev
                0x0000000003805908        0x4 /Applications/VEXcode Pro V5.app/Contents/Resources/sdk/vexv5/libv5rt.a(vex_thread.cpp.obj)
                0x0000000003805908                vex::mutex::~mutex()
                0x0000000003805908                vex::mutex::~mutex()
 .text._ZN3vex5mutex4lockEv
                0x000000000380590c        0x8 /Applications/VEXcode Pro V5.app/Contents/Resources/sdk/vexv5/libv5rt.a(vex_thread.cpp.obj)
                0x000000000380590c                vex::mutex::lock()
 .text._ZN3vex5mutex6unlockEv
                0x0000000003805914        0x4 /Applications/VEXcode Pro V5.app/Contents/Resources/sdk/vexv5/libv5rt.a(vex_thread.cpp.obj)
                0x0000000003805914                vex::mutex::unlock()
 .text._ZN3vex5brain9_getIndexEv
                0x0000000003805918       0x10 /Applications/VEXcode Pro V5.app/Contents/Resources/sdk/vexv5/libv5rt.a(vex_brain.cpp.obj)
                0x0000000003805918                vex::brain::_getIndex()
 .text._ZN3vex5brain3lcd9setCursorEll
                0x0000000003805928       0x44 /Applications/VEXcode Pro V5.app/Contents/Resources/sdk/vexv5/libv5rt.a(vex_brain.cpp.obj)
                0x0000000003805928                vex::brain::lcd::setCursor(long, long)
 .text._ZN3vex5brain3lcd7setFontENS_8fontTypeE
                0x000000000380596c      0x23c /Applications/VEXcode Pro V5.app/Contents/Resources/sdk/vexv5/libv5rt.a(vex_brain.cpp.obj)
                0x000000000380596c                vex::brain::lcd::setFont(vex::fontType)
 .text._ZN3vex5brain3lcdC2Ev
                0x0000000003805ba8       0x94 /Applications/VEXcode Pro V5.app/Contents/Resources/sdk/vexv5/libv5rt.a(vex_brain.cpp.obj)
                0x0000000003805ba8                vex::brain::lcd::lcd()
                0x0000000003805ba8                vex::brain::lcd::lcd()
 .text._ZN3vex5brainC2Ev
                0x0000000003805c3c       0x38 /Applications/VEXcode Pro V5.app/Contents/Resources/sdk/vexv5/libv5rt.a(vex_brain.cpp.obj)
                0x0000000003805c3c                vex::brain::brain()
                0x0000000003805c3c                vex::brain::brain()
 .text._ZN3vex5brain3lcd11setPenColorERKNS_5colorE
                0x0000000003805c74       0x14 /Applications/VEXcode Pro V5.app/Contents/Resources/sdk/vexv5/libv5rt.a(vex_brain.cpp.obj)
                0x0000000003805c74                vex::brain::lcd::setPenColor(vex::color const&)
 .text._ZN3vex5brain3lcd12setFillColorERKNS_5colorE
                0x0000000003805c88       0x38 /Applications/VEXcode Pro V5.app/Contents/Resources/sdk/vexv5/libv5rt.a(vex_brain.cpp.obj)
                0x0000000003805c88                vex::brain::lcd::setFillColor(vex::color const&)
 .text._ZN3vex5brain3lcd7printAtEllPKcz
                0x0000000003805cc0       0x6c /Applications/VEXcode Pro V5.app/Contents/Resources/sdk/vexv5/libv5rt.a(vex_brain.cpp.obj)
                0x0000000003805cc0                vex::brain::lcd::printAt(long, long, char const*, ...)
 .text._ZN3vex5brain3lcd13drawRectangleEiiii
                0x0000000003805d2c       0xdc /Applications/VEXcode Pro V5.app/Contents/Resources/sdk/vexv5/libv5rt.a(vex_brain.cpp.obj)
                0x0000000003805d2c                vex::brain::lcd::drawRectangle(int, int, int, int)
 .text._ZN3vex5brain3lcd14_drawRectangleEiiiim
                0x0000000003805e08       0x74 /Applications/VEXcode Pro V5.app/Contents/Resources/sdk/vexv5/libv5rt.a(vex_brain.cpp.obj)
                0x0000000003805e08                vex::brain::lcd::_drawRectangle(int, int, int, int, unsigned long)
 .text._ZN3vex5brain3lcd13drawRectangleEiiiiRKNS_5colorE
                0x0000000003805e7c       0x68 /Applications/VEXcode Pro V5.app/Contents/Resources/sdk/vexv5/libv5rt.a(vex_brain.cpp.obj)
                0x0000000003805e7c                vex::brain::lcd::drawRectangle(int, int, int, int, vex::color const&)
 .text._ZN3vex5brain3lcd6renderEv
                0x0000000003805ee4        0xc /Applications/VEXcode Pro V5.app/Contents/Resources/sdk/vexv5/libv5rt.a(vex_brain.cpp.obj)
                0x0000000003805ee4                vex::brain::lcd::render()
 .text._ZN3vex5brain3lcd13setClipRegionEiiii
                0x0000000003805ef0       0x34 /Applications/VEXcode Pro V5.app/Contents/Resources/sdk/vexv5/libv5rt.a(vex_brain.cpp.obj)
                0x0000000003805ef0                vex::brain::lcd::setClipRegion(int, int, int, int)
 .text._ZN3vex5brainD2Ev
                0x0000000003805f24       0x20 /Applications/VEXcode Pro V5.app/Contents/Resources/sdk/vexv5/libv5rt.a(vex_brain.cpp.obj)
                0x0000000003805f24                vex::brain::~brain()
                0x0000000003805f24                vex::brain::~brain()
 .text._ZN3vex11competition11_autonomousEv
                0x0000000003805f44       0x90 /Applications/VEXcode Pro V5.app/Contents/Resources/sdk/vexv5/libv5rt.a(vex_competition.cpp.obj)
                0x0000000003805f44                vex::competition::_autonomous()
 .text._ZN3vex11competition14_drivercontrolEv
                0x0000000003805fd4       0x90 /Applications/VEXcode Pro V5.app/Contents/Resources/sdk/vexv5/libv5rt.a(vex_competition.cpp.obj)
                0x0000000003805fd4                vex::competition::_drivercontrol()
 .text._ZN3vex11competition8_disableEPv
                0x0000000003806064       0xc8 /Applications/VEXcode Pro V5.app/Contents/Resources/sdk/vexv5/libv5rt.a(vex_competition.cpp.obj)
                0x0000000003806064                vex::competition::_disable(void*)
 .text._ZN3vex11competitionC2Ev
                0x000000000380612c      0x13c /Applications/VEXcode Pro V5.app/Contents/Resources/sdk/vexv5/libv5rt.a(vex_competition.cpp.obj)
                0x000000000380612c                vex::competition::competition()
                0x000000000380612c                vex::competition::competition()
 .text._ZN3vex11competitionD2Ev
                0x0000000003806268        0x4 /Applications/VEXcode Pro V5.app/Contents/Resources/sdk/vexv5/libv5rt.a(vex_competition.cpp.obj)
                0x0000000003806268                vex::competition::~competition()
                0x0000000003806268                vex::competition::~competition()
 .text._ZN3vex11competition10autonomousEPFvvE
                0x000000000380626c       0x44 /Applications/VEXcode Pro V5.app/Contents/Resources/sdk/vexv5/libv5rt.a(vex_competition.cpp.obj)
                0x000000000380626c                vex::competition::autonomous(void (*)())
 .text._ZN3vex7triportD2Ev
                0x00000000038062b0       0x38 /Applications/VEXcode Pro V5.app/Contents/Resources/sdk/vexv5/libv5rt.a(vex_triport.cpp.obj)
                0x00000000038062b0                vex::triport::~triport()
                0x00000000038062b0                vex::triport::~triport()
 .text._ZN3vex7triportD0Ev
                0x00000000038062e8       0x1c /Applications/VEXcode Pro V5.app/Contents/Resources/sdk/vexv5/libv5rt.a(vex_triport.cpp.obj)
                0x00000000038062e8                vex::triport::~triport()
 .text._ZN3vex7triport9installedEv
                0x0000000003806304       0x18 /Applications/VEXcode Pro V5.app/Contents/Resources/sdk/vexv5/libv5rt.a(vex_triport.cpp.obj)
                0x0000000003806304                vex::triport::installed()
 .text._ZN3vex7triport4portC2ElPS0_
                0x000000000380631c       0x74 /Applications/VEXcode Pro V5.app/Contents/Resources/sdk/vexv5/libv5rt.a(vex_triport.cpp.obj)
                0x000000000380631c                vex::triport::port::port(long, vex::triport*)
                0x000000000380631c                vex::triport::port::port(long, vex::triport*)
 .text._ZN3vex7triportC2El
                0x0000000003806390       0xf0 /Applications/VEXcode Pro V5.app/Contents/Resources/sdk/vexv5/libv5rt.a(vex_triport.cpp.obj)
                0x0000000003806390                vex::triport::triport(long)
                0x0000000003806390                vex::triport::triport(long)
 .text.startup._GLOBAL__sub_I__ZN3vex7triportC2El
                0x0000000003806480       0x30 /Applications/VEXcode Pro V5.app/Contents/Resources/sdk/vexv5/libv5rt.a(vex_triport.cpp.obj)
 .text._ZN3vex5colorD2Ev
                0x00000000038064b0        0x4 /Applications/VEXcode Pro V5.app/Contents/Resources/sdk/vexv5/libv5rt.a(vex_color.cpp.obj)
                0x00000000038064b0                vex::color::~color()
                0x00000000038064b0                vex::color::~color()
 .text._ZN3vex5colorC2Ei
                0x00000000038064b4       0x10 /Applications/VEXcode Pro V5.app/Contents/Resources/sdk/vexv5/libv5rt.a(vex_color.cpp.obj)
                0x00000000038064b4                vex::color::color(int)
                0x00000000038064b4                vex::color::color(int)
 .text._ZNK3vex5colorcvmEv
                0x00000000038064c4        0x8 /Applications/VEXcode Pro V5.app/Contents/Resources/sdk/vexv5/libv5rt.a(vex_color.cpp.obj)
                0x00000000038064c4                vex::color::operator unsigned long() const
 .text._ZNK3vex5color13isTransparentEv
                0x00000000038064cc        0x8 /Applications/VEXcode Pro V5.app/Contents/Resources/sdk/vexv5/libv5rt.a(vex_color.cpp.obj)
                0x00000000038064cc                vex::color::isTransparent() const
 .text.startup._GLOBAL__sub_I__ZN3vex5color5blackE
                0x00000000038064d4      0x164 /Applications/VEXcode Pro V5.app/Contents/Resources/sdk/vexv5/libv5rt.a(vex_color.cpp.obj)
 .text._ZN3vex5timerD2Ev
                0x0000000003806638        0x4 /Applications/VEXcode Pro V5.app/Contents/Resources/sdk/vexv5/libv5rt.a(vex_timer.cpp.obj)
                0x0000000003806638                vex::timer::~timer()
                0x0000000003806638                vex::timer::~timer()
 .text._ZN3vex5timer5clearEv
                0x000000000380663c       0x1c /Applications/VEXcode Pro V5.app/Contents/Resources/sdk/vexv5/libv5rt.a(vex_timer.cpp.obj)
                0x000000000380663c                vex::timer::clear()
 .text._ZN3vex5timerC2Ev
                0x0000000003806658       0x14 /Applications/VEXcode Pro V5.app/Contents/Resources/sdk/vexv5/libv5rt.a(vex_timer.cpp.obj)
                0x0000000003806658                vex::timer::timer()
                0x0000000003806658                vex::timer::timer()
 .text._ZNK3vex5timer4timeEv
                0x000000000380666c       0x1c /Applications/VEXcode Pro V5.app/Contents/Resources/sdk/vexv5/libv5rt.a(vex_timer.cpp.obj)
                0x000000000380666c                vex::timer::time() const
 .text._ZN3vex5timer6systemEv
                0x0000000003806688        0x4 /Applications/VEXcode Pro V5.app/Contents/Resources/sdk/vexv5/libv5rt.a(vex_timer.cpp.obj)
                0x0000000003806688                vex::timer::system()
 .text._ZN3vex11motor_group18motor_group_motorsC2Ev
                0x000000000380668c       0x28 /Applications/VEXcode Pro V5.app/Contents/Resources/sdk/vexv5/libv5rt.a(vex_motorgroup.cpp.obj)
                0x000000000380668c                vex::motor_group::motor_group_motors::motor_group_motors()
                0x000000000380668c                vex::motor_group::motor_group_motors::motor_group_motors()
 .text._ZN3vex11motor_groupC2Ev
                0x00000000038066b4       0x1c /Applications/VEXcode Pro V5.app/Contents/Resources/sdk/vexv5/libv5rt.a(vex_motorgroup.cpp.obj)
                0x00000000038066b4                vex::motor_group::motor_group()
                0x00000000038066b4                vex::motor_group::motor_group()
 .text._ZN3vex11motor_group9_addMotorEv
                0x00000000038066d0        0x4 /Applications/VEXcode Pro V5.app/Contents/Resources/sdk/vexv5/libv5rt.a(vex_motorgroup.cpp.obj)
                0x00000000038066d0                vex::motor_group::_addMotor()
 .text._ZN3vex11motor_group9_addMotorERNS_5motorE
                0x00000000038066d4       0x20 /Applications/VEXcode Pro V5.app/Contents/Resources/sdk/vexv5/libv5rt.a(vex_motorgroup.cpp.obj)
                0x00000000038066d4                vex::motor_group::_addMotor(vex::motor&)
 .text._ZN3vex11motor_group11setVelocityEdNS_13velocityUnitsE
                0x00000000038066f4       0x4c /Applications/VEXcode Pro V5.app/Contents/Resources/sdk/vexv5/libv5rt.a(vex_motorgroup.cpp.obj)
                0x00000000038066f4                vex::motor_group::setVelocity(double, vex::velocityUnits)
 .text._ZN3vex11motor_group13resetRotationEv
                0x0000000003806740       0x30 /Applications/VEXcode Pro V5.app/Contents/Resources/sdk/vexv5/libv5rt.a(vex_motorgroup.cpp.obj)
                0x0000000003806740                vex::motor_group::resetRotation()
 .text._ZN3vex11motor_group4spinENS_13directionTypeE
                0x0000000003806770       0x38 /Applications/VEXcode Pro V5.app/Contents/Resources/sdk/vexv5/libv5rt.a(vex_motorgroup.cpp.obj)
                0x0000000003806770                vex::motor_group::spin(vex::directionType)
 .text._ZN3vex11motor_group4spinENS_13directionTypeEdNS_13velocityUnitsE
                0x00000000038067a8       0x54 /Applications/VEXcode Pro V5.app/Contents/Resources/sdk/vexv5/libv5rt.a(vex_motorgroup.cpp.obj)
                0x00000000038067a8                vex::motor_group::spin(vex::directionType, double, vex::velocityUnits)
 .text._ZN3vex11motor_group4stopEv
                0x00000000038067fc       0x30 /Applications/VEXcode Pro V5.app/Contents/Resources/sdk/vexv5/libv5rt.a(vex_motorgroup.cpp.obj)
                0x00000000038067fc                vex::motor_group::stop()
 .text._ZN3vex11motor_group8rotationENS_13rotationUnitsE
                0x000000000380682c        0xc /Applications/VEXcode Pro V5.app/Contents/Resources/sdk/vexv5/libv5rt.a(vex_motorgroup.cpp.obj)
                0x000000000380682c                vex::motor_group::rotation(vex::rotationUnits)
 .text._ZN3vex7vexlinkD2Ev
                0x0000000003806838       0x20 /Applications/VEXcode Pro V5.app/Contents/Resources/sdk/vexv5/libv5rt.a(vex_vexlink.cpp.obj)
                0x0000000003806838                vex::vexlink::~vexlink()
                0x0000000003806838                vex::vexlink::~vexlink()
 .text._ZN3vex11serial_linkD2Ev
                0x0000000003806858       0x28 /Applications/VEXcode Pro V5.app/Contents/Resources/sdk/vexv5/libv5rt.a(vex_vexlink.cpp.obj)
                0x0000000003806858                vex::serial_link::~serial_link()
                0x0000000003806858                vex::serial_link::~serial_link()
 .text._ZN3vex7vexlinkD0Ev
                0x0000000003806880       0x1c /Applications/VEXcode Pro V5.app/Contents/Resources/sdk/vexv5/libv5rt.a(vex_vexlink.cpp.obj)
                0x0000000003806880                vex::vexlink::~vexlink()
 .text._ZN3vex11serial_linkD0Ev
                0x000000000380689c       0x1c /Applications/VEXcode Pro V5.app/Contents/Resources/sdk/vexv5/libv5rt.a(vex_vexlink.cpp.obj)
                0x000000000380689c                vex::serial_link::~serial_link()
 .text._ZN3vex7vexlink9installedEv
                0x00000000038068b8       0x18 /Applications/VEXcode Pro V5.app/Contents/Resources/sdk/vexv5/libv5rt.a(vex_vexlink.cpp.obj)
                0x00000000038068b8                vex::vexlink::installed()
 .text._ZN3vex7vexlinkC2ElPKcNS_8linkTypeEb
                0x00000000038068d0      0x1d0 /Applications/VEXcode Pro V5.app/Contents/Resources/sdk/vexv5/libv5rt.a(vex_vexlink.cpp.obj)
                0x00000000038068d0                vex::vexlink::vexlink(long, char const*, vex::linkType, bool)
                0x00000000038068d0                vex::vexlink::vexlink(long, char const*, vex::linkType, bool)
 .text._ZN3vex7vexlink8isLinkedEv
                0x0000000003806aa0       0x44 /Applications/VEXcode Pro V5.app/Contents/Resources/sdk/vexv5/libv5rt.a(vex_vexlink.cpp.obj)
                0x0000000003806aa0                vex::vexlink::isLinked()
 .text._ZN3vex7vexlink5crc32EPhmm
                0x0000000003806ae4       0x7c /Applications/VEXcode Pro V5.app/Contents/Resources/sdk/vexv5/libv5rt.a(vex_vexlink.cpp.obj)
                0x0000000003806ae4                vex::vexlink::crc32(unsigned char*, unsigned long, unsigned long)
 .text._ZN3vex11serial_linkC2ElPKcNS_8linkTypeEb
                0x0000000003806b60       0x34 /Applications/VEXcode Pro V5.app/Contents/Resources/sdk/vexv5/libv5rt.a(vex_vexlink.cpp.obj)
                0x0000000003806b60                vex::serial_link::serial_link(long, char const*, vex::linkType, bool)
                0x0000000003806b60                vex::serial_link::serial_link(long, char const*, vex::linkType, bool)
 .text._ZN3vex11serial_link4sendEPhl
                0x0000000003806b94       0x54 /Applications/VEXcode Pro V5.app/Contents/Resources/sdk/vexv5/libv5rt.a(vex_vexlink.cpp.obj)
                0x0000000003806b94                vex::serial_link::send(unsigned char*, long)
 .text._ZN3vex11serial_link7receiveEPhll
                0x0000000003806be8       0x88 /Applications/VEXcode Pro V5.app/Contents/Resources/sdk/vexv5/libv5rt.a(vex_vexlink.cpp.obj)
                0x0000000003806be8                vex::serial_link::receive(unsigned char*, long, long)
 .text.vexMotorVelocitySet
                0x0000000003806c70       0x20 /Applications/VEXcode Pro V5.app/Contents/Resources/sdk/vexv5/libv5rt.a(v5_apiuser.c.obj)
                0x0000000003806c70                vexMotorVelocitySet
 .text.vexMotorActualVelocityGet
                0x0000000003806c90       0x24 /Applications/VEXcode Pro V5.app/Contents/Resources/sdk/vexv5/libv5rt.a(v5_apiuser.c.obj)
                0x0000000003806c90                vexMotorActualVelocityGet
 .text.vexMotorReverseFlagSet
                0x0000000003806cb4       0x20 /Applications/VEXcode Pro V5.app/Contents/Resources/sdk/vexv5/libv5rt.a(v5_apiuser.c.obj)
                0x0000000003806cb4                vexMotorReverseFlagSet
 .text.vexMotorEncoderUnitsSet
                0x0000000003806cd4       0x20 /Applications/VEXcode Pro V5.app/Contents/Resources/sdk/vexv5/libv5rt.a(v5_apiuser.c.obj)
                0x0000000003806cd4                vexMotorEncoderUnitsSet
 .text.vexMotorBrakeModeSet
                0x0000000003806cf4       0x20 /Applications/VEXcode Pro V5.app/Contents/Resources/sdk/vexv5/libv5rt.a(v5_apiuser.c.obj)
                0x0000000003806cf4                vexMotorBrakeModeSet
 .text.vexMotorPositionSet
                0x0000000003806d14       0x28 /Applications/VEXcode Pro V5.app/Contents/Resources/sdk/vexv5/libv5rt.a(v5_apiuser.c.obj)
                0x0000000003806d14                vexMotorPositionSet
 .text.vexMotorPositionGet
                0x0000000003806d3c       0x24 /Applications/VEXcode Pro V5.app/Contents/Resources/sdk/vexv5/libv5rt.a(v5_apiuser.c.obj)
                0x0000000003806d3c                vexMotorPositionGet
 .text.vexMotorGearingSet
                0x0000000003806d60       0x20 /Applications/VEXcode Pro V5.app/Contents/Resources/sdk/vexv5/libv5rt.a(v5_apiuser.c.obj)
                0x0000000003806d60                vexMotorGearingSet
 .text.vexMotorGearingGet
                0x0000000003806d80       0x18 /Applications/VEXcode Pro V5.app/Contents/Resources/sdk/vexv5/libv5rt.a(v5_apiuser.c.obj)
                0x0000000003806d80                vexMotorGearingGet
 .text.vexEventMaskSet
                0x0000000003806d98       0x28 /Applications/VEXcode Pro V5.app/Contents/Resources/sdk/vexv5/libv5rt.a(v5_apiuser.c.obj)
                0x0000000003806d98                vexEventMaskSet
 .text.vexEventMaskGet
                0x0000000003806dc0       0x18 /Applications/VEXcode Pro V5.app/Contents/Resources/sdk/vexv5/libv5rt.a(v5_apiuser.c.obj)
                0x0000000003806dc0                vexEventMaskGet
 .text.vexGenericSerialEnable
                0x0000000003806dd8       0x20 /Applications/VEXcode Pro V5.app/Contents/Resources/sdk/vexv5/libv5rt.a(v5_apiuser.c.obj)
                0x0000000003806dd8                vexGenericSerialEnable
 .text.vexGenericSerialBaudrate
                0x0000000003806df8       0x20 /Applications/VEXcode Pro V5.app/Contents/Resources/sdk/vexv5/libv5rt.a(v5_apiuser.c.obj)
                0x0000000003806df8                vexGenericSerialBaudrate
 .text.vexGenericSerialWriteChar
                0x0000000003806e18       0x20 /Applications/VEXcode Pro V5.app/Contents/Resources/sdk/vexv5/libv5rt.a(v5_apiuser.c.obj)
                0x0000000003806e18                vexGenericSerialWriteChar
 .text.vexGenericSerialWriteFree
                0x0000000003806e38       0x18 /Applications/VEXcode Pro V5.app/Contents/Resources/sdk/vexv5/libv5rt.a(v5_apiuser.c.obj)
                0x0000000003806e38                vexGenericSerialWriteFree
 .text.vexGenericSerialTransmit
                0x0000000003806e50       0x28 /Applications/VEXcode Pro V5.app/Contents/Resources/sdk/vexv5/libv5rt.a(v5_apiuser.c.obj)
                0x0000000003806e50                vexGenericSerialTransmit
 .text.vexGenericSerialReadChar
                0x0000000003806e78       0x18 /Applications/VEXcode Pro V5.app/Contents/Resources/sdk/vexv5/libv5rt.a(v5_apiuser.c.obj)
                0x0000000003806e78                vexGenericSerialReadChar
 .text.vexGenericSerialPeekChar
                0x0000000003806e90       0x18 /Applications/VEXcode Pro V5.app/Contents/Resources/sdk/vexv5/libv5rt.a(v5_apiuser.c.obj)
                0x0000000003806e90                vexGenericSerialPeekChar
 .text.vexGenericSerialReceiveAvail
                0x0000000003806ea8       0x18 /Applications/VEXcode Pro V5.app/Contents/Resources/sdk/vexv5/libv5rt.a(v5_apiuser.c.obj)
                0x0000000003806ea8                vexGenericSerialReceiveAvail
 .text.vexGenericSerialReceive
                0x0000000003806ec0       0x28 /Applications/VEXcode Pro V5.app/Contents/Resources/sdk/vexv5/libv5rt.a(v5_apiuser.c.obj)
                0x0000000003806ec0                vexGenericSerialReceive
 .text.vexGenericRadioConnection
                0x0000000003806ee8       0x30 /Applications/VEXcode Pro V5.app/Contents/Resources/sdk/vexv5/libv5rt.a(v5_apiuser.c.obj)
                0x0000000003806ee8                vexGenericRadioConnection
 .text.vexGenericRadioWriteChar
                0x0000000003806f18       0x20 /Applications/VEXcode Pro V5.app/Contents/Resources/sdk/vexv5/libv5rt.a(v5_apiuser.c.obj)
                0x0000000003806f18                vexGenericRadioWriteChar
 .text.vexGenericRadioWriteFree
                0x0000000003806f38       0x18 /Applications/VEXcode Pro V5.app/Contents/Resources/sdk/vexv5/libv5rt.a(v5_apiuser.c.obj)
                0x0000000003806f38                vexGenericRadioWriteFree
 .text.vexGenericRadioTransmit
                0x0000000003806f50       0x28 /Applications/VEXcode Pro V5.app/Contents/Resources/sdk/vexv5/libv5rt.a(v5_apiuser.c.obj)
                0x0000000003806f50                vexGenericRadioTransmit
 .text.vexGenericRadioReadChar
                0x0000000003806f78       0x18 /Applications/VEXcode Pro V5.app/Contents/Resources/sdk/vexv5/libv5rt.a(v5_apiuser.c.obj)
                0x0000000003806f78                vexGenericRadioReadChar
 .text.vexGenericRadioPeekChar
                0x0000000003806f90       0x18 /Applications/VEXcode Pro V5.app/Contents/Resources/sdk/vexv5/libv5rt.a(v5_apiuser.c.obj)
                0x0000000003806f90                vexGenericRadioPeekChar
 .text.vexGenericRadioReceiveAvail
                0x0000000003806fa8       0x18 /Applications/VEXcode Pro V5.app/Contents/Resources/sdk/vexv5/libv5rt.a(v5_apiuser.c.obj)
                0x0000000003806fa8                vexGenericRadioReceiveAvail
 .text.vexGenericRadioReceive
                0x0000000003806fc0       0x28 /Applications/VEXcode Pro V5.app/Contents/Resources/sdk/vexv5/libv5rt.a(v5_apiuser.c.obj)
                0x0000000003806fc0                vexGenericRadioReceive
 .text.vexGenericRadioLinkStatus
                0x0000000003806fe8       0x18 /Applications/VEXcode Pro V5.app/Contents/Resources/sdk/vexv5/libv5rt.a(v5_apiuser.c.obj)
                0x0000000003806fe8                vexGenericRadioLinkStatus
 .text.vexGenericCdcConnection
                0x0000000003807000       0x20 /Applications/VEXcode Pro V5.app/Contents/Resources/sdk/vexv5/libv5rt.a(v5_apiuser.c.obj)
                0x0000000003807000                vexGenericCdcConnection
 .text.vexGenericCdcWriteChar
                0x0000000003807020       0x20 /Applications/VEXcode Pro V5.app/Contents/Resources/sdk/vexv5/libv5rt.a(v5_apiuser.c.obj)
                0x0000000003807020                vexGenericCdcWriteChar
 .text.vexGenericCdcWriteFree
                0x0000000003807040       0x18 /Applications/VEXcode Pro V5.app/Contents/Resources/sdk/vexv5/libv5rt.a(v5_apiuser.c.obj)
                0x0000000003807040                vexGenericCdcWriteFree
 .text.vexGenericCdcTransmit
                0x0000000003807058       0x28 /Applications/VEXcode Pro V5.app/Contents/Resources/sdk/vexv5/libv5rt.a(v5_apiuser.c.obj)
                0x0000000003807058                vexGenericCdcTransmit
 .text.vexGenericCdcReadChar
                0x0000000003807080       0x18 /Applications/VEXcode Pro V5.app/Contents/Resources/sdk/vexv5/libv5rt.a(v5_apiuser.c.obj)
                0x0000000003807080                vexGenericCdcReadChar
 .text.vexGenericCdcPeekChar
                0x0000000003807098       0x18 /Applications/VEXcode Pro V5.app/Contents/Resources/sdk/vexv5/libv5rt.a(v5_apiuser.c.obj)
                0x0000000003807098                vexGenericCdcPeekChar
 .text.vexGenericCdcReceiveAvail
                0x00000000038070b0       0x18 /Applications/VEXcode Pro V5.app/Contents/Resources/sdk/vexv5/libv5rt.a(v5_apiuser.c.obj)
                0x00000000038070b0                vexGenericCdcReceiveAvail
 .text.vexGenericCdcReceive
                0x00000000038070c8       0x28 /Applications/VEXcode Pro V5.app/Contents/Resources/sdk/vexv5/libv5rt.a(v5_apiuser.c.obj)
                0x00000000038070c8                vexGenericCdcReceive
 .text.vexGenericCdcLinkStatus
                0x00000000038070f0       0x18 /Applications/VEXcode Pro V5.app/Contents/Resources/sdk/vexv5/libv5rt.a(v5_apiuser.c.obj)
                0x00000000038070f0                vexGenericCdcLinkStatus
 .text._ZN3vex4taskC2EPFivE
                0x0000000003807108       0x5c /Applications/VEXcode Pro V5.app/Contents/Resources/sdk/vexv5/libv5rt.a(vex_task.cpp.obj)
                0x0000000003807108                vex::task::task(int (*)())
                0x0000000003807108                vex::task::task(int (*)())
 .text._ZN3vex4taskD2Ev
                0x0000000003807164        0x4 /Applications/VEXcode Pro V5.app/Contents/Resources/sdk/vexv5/libv5rt.a(vex_task.cpp.obj)
                0x0000000003807164                vex::task::~task()
                0x0000000003807164                vex::task::~task()
 .text._ZN3vex4task4stopERKS0_
                0x0000000003807168       0x18 /Applications/VEXcode Pro V5.app/Contents/Resources/sdk/vexv5/libv5rt.a(vex_task.cpp.obj)
                0x0000000003807168                vex::task::stop(vex::task const&)
 .text._ZN3vex4task6_indexEPFivE
                0x0000000003807180       0x14 /Applications/VEXcode Pro V5.app/Contents/Resources/sdk/vexv5/libv5rt.a(vex_task.cpp.obj)
                0x0000000003807180                vex::task::_index(int (*)())
 .text._ZN3vex4task8_stopAllEv
                0x0000000003807194       0x3c /Applications/VEXcode Pro V5.app/Contents/Resources/sdk/vexv5/libv5rt.a(vex_task.cpp.obj)
                0x0000000003807194                vex::task::_stopAll()
 .text._ZN3vex5event4initEmmPFvvE
                0x00000000038071d0        0x4 /Applications/VEXcode Pro V5.app/Contents/Resources/sdk/vexv5/libv5rt.a(vex_event.cpp.obj)
                0x00000000038071d0                vex::event::init(unsigned long, unsigned long, void (*)())
 .text._ZN3vex5event4initEmmPFvPvES1_
                0x00000000038071d4        0x4 /Applications/VEXcode Pro V5.app/Contents/Resources/sdk/vexv5/libv5rt.a(vex_event.cpp.obj)
                0x00000000038071d4                vex::event::init(unsigned long, unsigned long, void (*)(void*), void*)
 .text._ZN3vex5event9userindexEv
                0x00000000038071d8        0x4 /Applications/VEXcode Pro V5.app/Contents/Resources/sdk/vexv5/libv5rt.a(vex_event.cpp.obj)
                0x00000000038071d8                vex::event::userindex()
 .text._ZZN3vex6meventC4EmmENUlvE_4_FUNEv
                0x00000000038071dc        0x4 /Applications/VEXcode Pro V5.app/Contents/Resources/sdk/vexv5/libv5rt.a(vex_mevent.cpp.obj)
 .text._ZN3vex6meventC2Emm
                0x00000000038071e0       0x70 /Applications/VEXcode Pro V5.app/Contents/Resources/sdk/vexv5/libv5rt.a(vex_mevent.cpp.obj)
                0x00000000038071e0                vex::mevent::mevent(unsigned long, unsigned long)
                0x00000000038071e0                vex::mevent::mevent(unsigned long, unsigned long)
 .text.__aeabi_memclr
                0x0000000003807250        0x8 /Applications/VEXcode Pro V5.app/Contents/Resources/sdk/vexv5/gcc/libs/libc.a(lib_a-aeabi_memclr.o)
                0x0000000003807250                __aeabi_memclr8
                0x0000000003807250                __aeabi_memclr4
                0x0000000003807250                __aeabi_memclr
 .text.__aeabi_memcpy
                0x0000000003807258        0x4 /Applications/VEXcode Pro V5.app/Contents/Resources/sdk/vexv5/gcc/libs/libc.a(lib_a-aeabi_memcpy.o)
                0x0000000003807258                __aeabi_memcpy4
                0x0000000003807258                __aeabi_memcpy
                0x0000000003807258                __aeabi_memcpy8
 .text.__libc_fini_array
                0x000000000380725c       0x30 /Applications/VEXcode Pro V5.app/Contents/Resources/sdk/vexv5/gcc/libs/libc.a(lib_a-fini.o)
                0x000000000380725c                __libc_fini_array
 .text.__libc_init_array
                0x000000000380728c       0x58 /Applications/VEXcode Pro V5.app/Contents/Resources/sdk/vexv5/gcc/libs/libc.a(lib_a-init.o)
                0x000000000380728c                __libc_init_array
 .text.memcpy   0x00000000038072e4       0xa8 /Applications/VEXcode Pro V5.app/Contents/Resources/sdk/vexv5/gcc/libs/libc.a(lib_a-memcpy.o)
                0x00000000038072e4                memcpy
 *fill*         0x000000000380738c        0x4 
 .text.memcpy.__stub
                0x0000000003807390       0x28 linker stubs
 *(.gnu.linkonce.t.*)
 *(.plt)
 *(.gnu_warning)
 *(.gcc_except_table)
 *(.glue_7)
 .glue_7        0x00000000038073b8        0x0 linker stubs
 *(.glue_7t)
 .glue_7t       0x00000000038073b8        0x0 linker stubs
 *(.vfp11_veneer)
 .vfp11_veneer  0x00000000038073b8        0x0 linker stubs
 *(.ARM.extab)
 *(.gnu.linkonce.armextab.*)

.v4_bx          0x00000000038073b8        0x0
 .v4_bx         0x00000000038073b8        0x0 linker stubs

.iplt           0x00000000038073b8        0x0
 .iplt          0x00000000038073b8        0x0 build/src/DriveConfigureations.o

.init
 *(.init)

.fini
 *(.fini)

.rodata         0x00000000038073b8      0x300
                0x00000000038073b8                __rodata_start = .
 *(.rodata)
 *(.rodata.*)
 .rodata.str1.1
                0x00000000038073b8       0x1c build/src/DriveConfigureations.o
 .rodata..Lswitch.table._ZN8bancroft6HDrive10setGearsetEN3vex11gearSettingE
                0x00000000038073d4        0xc build/src/DriveConfigureations.o
 .rodata.str1.1
                0x00000000038073e0        0xf build/src/ai_jetson.o
 *fill*         0x00000000038073ef        0x1 
 .rodata._ZTVN2ai10robot_linkE
                0x00000000038073f0       0x18 build/src/ai_robot_link.o
                0x00000000038073f0                vtable for ai::robot_link
 .rodata.str1.1
                0x0000000003807408      0x158 build/src/dashboard.o
 .rodata.str1.1
                0x0000000003807560       0x1d build/src/main.o
 .rodata.str1.1
                0x000000000380757d        0xf build/src/robot-config.o
 .rodata.str1.1
                0x000000000380757d       0x2e /Applications/VEXcode Pro V5.app/Contents/Resources/sdk/vexv5/libv5rt.a(v5_startup.c.obj)
 *fill*         0x00000000038075ab        0x1 
 .rodata._ZN3vex6yellowE
                0x00000000038075ac        0x4 /Applications/VEXcode Pro V5.app/Contents/Resources/sdk/vexv5/libv5rt.a(vex_global.cpp.obj)
                0x00000000038075ac                vex::yellow
 .rodata._ZN3vex5PORT1E
                0x00000000038075b0        0x4 /Applications/VEXcode Pro V5.app/Contents/Resources/sdk/vexv5/libv5rt.a(vex_global.cpp.obj)
                0x00000000038075b0                vex::PORT1
 .rodata._ZN3vex5PORT5E
                0x00000000038075b4        0x4 /Applications/VEXcode Pro V5.app/Contents/Resources/sdk/vexv5/libv5rt.a(vex_global.cpp.obj)
                0x00000000038075b4                vex::PORT5
 .rodata._ZN3vex5whiteE
                0x00000000038075b8        0x4 /Applications/VEXcode Pro V5.app/Contents/Resources/sdk/vexv5/libv5rt.a(vex_global.cpp.obj)
                0x00000000038075b8                vex::white
 .rodata._ZN3vex5blackE
                0x00000000038075bc        0x4 /Applications/VEXcode Pro V5.app/Contents/Resources/sdk/vexv5/libv5rt.a(vex_global.cpp.obj)
                0x00000000038075bc                vex::black
 .rodata._ZN3vex4msecE
                0x00000000038075c0        0x4 /Applications/VEXcode Pro V5.app/Contents/Resources/sdk/vexv5/libv5rt.a(vex_global.cpp.obj)
                0x00000000038075c0                vex::msec
 .rodata._ZN3vex5PORT2E
                0x00000000038075c4        0x4 /Applications/VEXcode Pro V5.app/Contents/Resources/sdk/vexv5/libv5rt.a(vex_global.cpp.obj)
                0x00000000038075c4                vex::PORT2
 .rodata._ZN3vex6PORT11E
                0x00000000038075c8        0x4 /Applications/VEXcode Pro V5.app/Contents/Resources/sdk/vexv5/libv5rt.a(vex_global.cpp.obj)
                0x00000000038075c8                vex::PORT11
 .rodata._ZN3vex6PORT22E
                0x00000000038075cc        0x4 /Applications/VEXcode Pro V5.app/Contents/Resources/sdk/vexv5/libv5rt.a(vex_global.cpp.obj)
                0x00000000038075cc                vex::PORT22
 .rodata._ZN3vex6PORT12E
                0x00000000038075d0        0x4 /Applications/VEXcode Pro V5.app/Contents/Resources/sdk/vexv5/libv5rt.a(vex_global.cpp.obj)
                0x00000000038075d0                vex::PORT12
 .rodata._ZN3vex5PORT7E
                0x00000000038075d4        0x4 /Applications/VEXcode Pro V5.app/Contents/Resources/sdk/vexv5/libv5rt.a(vex_global.cpp.obj)
                0x00000000038075d4                vex::PORT7
 .rodata._ZN3vex5PORT4E
                0x00000000038075d8        0x4 /Applications/VEXcode Pro V5.app/Contents/Resources/sdk/vexv5/libv5rt.a(vex_global.cpp.obj)
                0x00000000038075d8                vex::PORT4
 .rodata._ZN3vex6PORT13E
                0x00000000038075dc        0x4 /Applications/VEXcode Pro V5.app/Contents/Resources/sdk/vexv5/libv5rt.a(vex_global.cpp.obj)
                0x00000000038075dc                vex::PORT13
 .rodata._ZN3vex6mono12E
                0x00000000038075e0        0x4 /Applications/VEXcode Pro V5.app/Contents/Resources/sdk/vexv5/libv5rt.a(vex_global.cpp.obj)
                0x00000000038075e0                vex::mono12
 .rodata._ZN3vex6mono15E
                0x00000000038075e4        0x4 /Applications/VEXcode Pro V5.app/Contents/Resources/sdk/vexv5/libv5rt.a(vex_global.cpp.obj)
                0x00000000038075e4                vex::mono15
 .rodata._ZTVN3vex6deviceE
                0x00000000038075e8       0x18 /Applications/VEXcode Pro V5.app/Contents/Resources/sdk/vexv5/libv5rt.a(vex_device.cpp.obj)
                0x00000000038075e8                vtable for vex::device
 .rodata._ZTVN3vex5motorE
                0x0000000003807600       0x18 /Applications/VEXcode Pro V5.app/Contents/Resources/sdk/vexv5/libv5rt.a(vex_motor.cpp.obj)
                0x0000000003807600                vtable for vex::motor
 .rodata.str1.1
                0x0000000003807618       0x14 /Applications/VEXcode Pro V5.app/Contents/Resources/sdk/vexv5/libv5rt.a(vex_thread.cpp.obj)
 .rodata.str1.1
                0x000000000380762c       0x2b /Applications/VEXcode Pro V5.app/Contents/Resources/sdk/vexv5/libv5rt.a(vex_brain.cpp.obj)
                                         0x2d (size before relaxing)
 *fill*         0x0000000003807657        0x1 
 .rodata._ZTVN3vex7triportE
                0x0000000003807658       0x18 /Applications/VEXcode Pro V5.app/Contents/Resources/sdk/vexv5/libv5rt.a(vex_triport.cpp.obj)
                0x0000000003807658                vtable for vex::triport
 .rodata._ZTVN3vex7vexlinkE
                0x0000000003807670       0x18 /Applications/VEXcode Pro V5.app/Contents/Resources/sdk/vexv5/libv5rt.a(vex_vexlink.cpp.obj)
                0x0000000003807670                vtable for vex::vexlink
 .rodata._ZTVN3vex11serial_linkE
                0x0000000003807688       0x18 /Applications/VEXcode Pro V5.app/Contents/Resources/sdk/vexv5/libv5rt.a(vex_vexlink.cpp.obj)
                0x0000000003807688                vtable for vex::serial_link
 .rodata.str1.1
                0x00000000038076a0       0x14 /Applications/VEXcode Pro V5.app/Contents/Resources/sdk/vexv5/libv5rt.a(vex_task.cpp.obj)
 .rodata.str1.4
                0x00000000038076b4        0x4 /Applications/VEXcode Pro V5.app/Contents/Resources/sdk/vexv5/gcc/libs/libc.a(lib_a-impure.o)
                                          0x2 (size before relaxing)
 *(.gnu.linkonce.r.*)
                0x00000000038076b8                __rodata_end = .

.rodata1        0x00000000038076b8        0x0
                0x00000000038076b8                __rodata1_start = .
 *(.rodata1)
 *(.rodata1.*)
                0x00000000038076b8                __rodata1_end = .

.sdata2         0x00000000038076b8        0x0
                0x00000000038076b8                __sdata2_start = .
 *(.sdata2)
 *(.sdata2.*)
 *(.gnu.linkonce.s2.*)
                0x00000000038076b8                __sdata2_end = .

.sbss2          0x00000000038076b8        0x0
                0x00000000038076b8                __sbss2_start = .
 *(.sbss2)
 *(.sbss2.*)
 *(.gnu.linkonce.sb2.*)
                0x00000000038076b8                __sbss2_end = .

.data           0x00000000038076b8      0x44c
                0x00000000038076b8                __data_start = .
 *(.data)
 *(.data.*)
 .data._ZZN2ai6jetson11request_mapEvE3msg
                0x00000000038076b8        0xd build/src/ai_jetson.o
 .data.firstAutoFlag
                0x00000000038076c5        0x1 build/src/main.o
                0x00000000038076c5                firstAutoFlag
 .data.hasBall  0x00000000038076c6        0x1 build/src/main.o
                0x00000000038076c6                hasBall
 *fill*         0x00000000038076c7        0x1 
 .data.appRunning
                0x00000000038076c8        0x4 /Applications/VEXcode Pro V5.app/Contents/Resources/sdk/vexv5/libv5rt.a(v5_startup.c.obj)
                0x00000000038076c8                appRunning
 .data.__yoff   0x00000000038076cc        0x4 /Applications/VEXcode Pro V5.app/Contents/Resources/sdk/vexv5/libv5rt.a(v5_apijump.c.obj)
 .data._ZN3vex24__default_motor_velocityE
                0x00000000038076d0        0x4 /Applications/VEXcode Pro V5.app/Contents/Resources/sdk/vexv5/libv5rt.a(vex_motor.cpp.obj)
                0x00000000038076d0                vex::__default_motor_velocity
 *fill*         0x00000000038076d4        0x4 
 .data.impure_data
                0x00000000038076d8      0x428 /Applications/VEXcode Pro V5.app/Contents/Resources/sdk/vexv5/gcc/libs/libc.a(lib_a-impure.o)
 .data._impure_ptr
                0x0000000003807b00        0x4 /Applications/VEXcode Pro V5.app/Contents/Resources/sdk/vexv5/gcc/libs/libc.a(lib_a-impure.o)
                0x0000000003807b00                _impure_ptr
 *(.gnu.linkonce.d.*)
 *(.jcr)
 *(.got)
 *(.got.plt)
                0x0000000003807b04                __data_end = .

.igot.plt       0x0000000003807b04        0x0
 .igot.plt      0x0000000003807b04        0x0 build/src/DriveConfigureations.o

.data1          0x0000000003807b04        0x0
                0x0000000003807b04                __data1_start = .
 *(.data1)
 *(.data1.*)
                0x0000000003807b04                __data1_end = .

.got
 *(.got)

.ctors          0x0000000003807b04        0x0
                0x0000000003807b04                __CTOR_LIST__ = .
                0x0000000003807b04                ___CTORS_LIST___ = .
 *crtbegin.o(.ctors)
 *(EXCLUDE_FILE(*crtend.o) .ctors)
 *(SORT_BY_NAME(.ctors.*))
 *(.ctors)
                0x0000000003807b04                __CTOR_END__ = .
                0x0000000003807b04                ___CTORS_END___ = .

.dtors          0x0000000003807b04        0x0
                0x0000000003807b04                __DTOR_LIST__ = .
                0x0000000003807b04                ___DTORS_LIST___ = .
 *crtbegin.o(.dtors)
 *(EXCLUDE_FILE(*crtend.o) .dtors)
 *(SORT_BY_NAME(.dtors.*))
 *(.dtors)
                0x0000000003807b04                __DTOR_END__ = .
                0x0000000003807b04                ___DTORS_END___ = .

.fixup          0x0000000003807b04        0x0
                0x0000000003807b04                __fixup_start = .
 *(.fixup)